Component: ARM Compiler 6.16 Tool: armlink [5dfeaa00]

==============================================================================

Section Cross References

    main.o(.text.HAL_GetTick) refers to rtx_kernel.o(.text.osKernelGetState) for osKernelGetState
    main.o(.text.HAL_GetTick) refers to rtx_kernel.o(.text.osKernelGetTickCount) for osKernelGetTickCount
    main.o(.text.HAL_GetTick) refers to system_stm32f4xx.o(.data.SystemCoreClock) for SystemCoreClock
    main.o(.text.HAL_GetTick) refers to main.o(.bss.HAL_GetTick.ticks) for HAL_GetTick.ticks
    main.o(.ARM.exidx.text.HAL_GetTick) refers to main.o(.text.HAL_GetTick) for [Anonymous Symbol]
    main.o(.text.main) refers to stm32f4xx_hal.o(.text.HAL_Init) for HAL_Init
    main.o(.text.main) refers to main.o(.text.SystemClock_Config) for SystemClock_Config
    main.o(.text.main) refers to system_stm32f4xx.o(.text.SystemCoreClockUpdate) for SystemCoreClockUpdate
    main.o(.text.main) refers to rtx_kernel.o(.text.osKernelInitialize) for osKernelInitialize
    main.o(.text.main) refers to thleds.o(.text.Init_Thleds) for Init_Thleds
    main.o(.text.main) refers to thjoy.o(.text.Init_ThJoy) for Init_ThJoy
    main.o(.text.main) refers to lector.o(.text.Init_Lector) for Init_Lector
    main.o(.text.main) refers to rtx_kernel.o(.text.osKernelStart) for osKernelStart
    main.o(.ARM.exidx.text.main) refers to main.o(.text.main) for [Anonymous Symbol]
    main.o(.text.SystemClock_Config) refers to stm32f4xx_hal_rcc.o(.text.HAL_RCC_OscConfig) for HAL_RCC_OscConfig
    main.o(.text.SystemClock_Config) refers to stm32f4xx_hal_rcc.o(.text.HAL_RCC_ClockConfig) for HAL_RCC_ClockConfig
    main.o(.text.SystemClock_Config) refers to stm32f4xx_hal.o(.text.HAL_GetREVID) for HAL_GetREVID
    main.o(.ARM.exidx.text.SystemClock_Config) refers to main.o(.text.SystemClock_Config) for [Anonymous Symbol]
    thleds.o(.text.Init_Thleds) refers to thleds.o(.text.Thleds) for Thleds
    thleds.o(.text.Init_Thleds) refers to rtx_thread.o(.text.osThreadNew) for osThreadNew
    thleds.o(.text.Init_Thleds) refers to thleds.o(.bss.tid_Thleds) for tid_Thleds
    thleds.o(.ARM.exidx.text.Init_Thleds) refers to thleds.o(.text.Init_Thleds) for [Anonymous Symbol]
    thleds.o(.text.Thleds) refers to thleds.o(.data.led1) for led1
    thleds.o(.text.Thleds) refers to thleds.o(.bss.pinB0) for pinB0
    thleds.o(.text.Thleds) refers to thleds.o(.data.led2) for led2
    thleds.o(.text.Thleds) refers to thleds.o(.bss.pinB7) for pinB7
    thleds.o(.text.Thleds) refers to thleds.o(.data.led3) for led3
    thleds.o(.text.Thleds) refers to thleds.o(.bss.pinB14) for pinB14
    thleds.o(.text.Thleds) refers to stm32f4xx_hal_gpio.o(.text.HAL_GPIO_Init) for HAL_GPIO_Init
    thleds.o(.text.Thleds) refers to thleds.o(.bss.status) for status
    thleds.o(.text.Thleds) refers to stm32f4xx_hal_gpio.o(.text.HAL_GPIO_WritePin) for HAL_GPIO_WritePin
    thleds.o(.text.Thleds) refers to rtx_thread.o(.text.osThreadFlagsWait) for osThreadFlagsWait
    thleds.o(.ARM.exidx.text.Thleds) refers to thleds.o(.text.Thleds) for [Anonymous Symbol]
    thjoy.o(.text.Init_ThJoy) refers to rtx_msgqueue.o(.text.osMessageQueueNew) for osMessageQueueNew
    thjoy.o(.text.Init_ThJoy) refers to thjoy.o(.bss.id_MsgQueue) for id_MsgQueue
    thjoy.o(.text.Init_ThJoy) refers to thjoy.o(.text.ThJoy) for ThJoy
    thjoy.o(.text.Init_ThJoy) refers to rtx_thread.o(.text.osThreadNew) for osThreadNew
    thjoy.o(.text.Init_ThJoy) refers to thjoy.o(.bss.tid_ThJoy) for tid_ThJoy
    thjoy.o(.ARM.exidx.text.Init_ThJoy) refers to thjoy.o(.text.Init_ThJoy) for [Anonymous Symbol]
    thjoy.o(.text.ThJoy) refers to thjoy.o(.bss.pinB11) for pinB11
    thjoy.o(.text.ThJoy) refers to thjoy.o(.data.joy_derecha) for joy_derecha
    thjoy.o(.text.ThJoy) refers to stm32f4xx_hal_gpio.o(.text.HAL_GPIO_Init) for HAL_GPIO_Init
    thjoy.o(.text.ThJoy) refers to thjoy.o(.data.joy_arriba) for joy_arriba
    thjoy.o(.text.ThJoy) refers to thjoy.o(.bss.pinB10) for pinB10
    thjoy.o(.text.ThJoy) refers to thjoy.o(.data.joy_izquierda) for joy_izquierda
    thjoy.o(.text.ThJoy) refers to thjoy.o(.bss.pinE14) for pinE14
    thjoy.o(.text.ThJoy) refers to thjoy.o(.data.joy_abajo) for joy_abajo
    thjoy.o(.text.ThJoy) refers to thjoy.o(.bss.pinE12) for pinE12
    thjoy.o(.text.ThJoy) refers to thjoy.o(.data.joy_centro) for joy_centro
    thjoy.o(.text.ThJoy) refers to thjoy.o(.bss.pinE15) for pinE15
    thjoy.o(.text.ThJoy) refers to stm32f4xx_hal_cortex.o(.text.HAL_NVIC_EnableIRQ) for HAL_NVIC_EnableIRQ
    thjoy.o(.text.ThJoy) refers to thjoy.o(.text.Timer1_Callback) for Timer1_Callback
    thjoy.o(.text.ThJoy) refers to rtx_timer.o(.text.osTimerNew) for osTimerNew
    thjoy.o(.text.ThJoy) refers to rtx_thread.o(.text.osThreadFlagsWait) for osThreadFlagsWait
    thjoy.o(.text.ThJoy) refers to rtx_timer.o(.text.osTimerStart) for osTimerStart
    thjoy.o(.ARM.exidx.text.ThJoy) refers to thjoy.o(.text.ThJoy) for [Anonymous Symbol]
[...]
    svcRtxThreadFlagsWait                    0x08003a85   Thumb Code    72  rtx_thread.o(.text.svcRtxThreadFlagsWait)
    [Anonymous Symbol]                       0x08003a84   Section        0  rtx_thread.o(.text.svcRtxThreadFlagsWait)
    __arm_cp.63_0                            0x08003acc   Number         4  rtx_thread.o(.text.svcRtxThreadFlagsWait)
    svcRtxThreadNew                          0x08003ad1   Thumb Code   472  rtx_thread.o(.text.svcRtxThreadNew)
    [Anonymous Symbol]                       0x08003ad0   Section        0  rtx_thread.o(.text.svcRtxThreadNew)
    __arm_cp.16_0                            0x08003ca8   Number         4  rtx_thread.o(.text.svcRtxThreadNew)
    __arm_cp.16_1                            0x08003cac   Number         4  rtx_thread.o(.text.svcRtxThreadNew)
    __arm_cp.16_2                            0x08003cb0   Number         4  rtx_thread.o(.text.svcRtxThreadNew)
    __arm_cp.16_3                            0x08003cb4   Number         4  rtx_thread.o(.text.svcRtxThreadNew)
    __arm_cp.16_4                            0x08003cb8   Number         4  rtx_thread.o(.text.svcRtxThreadNew)
    svcRtxTimerNew                           0x08003cbd   Thumb Code   116  rtx_timer.o(.text.svcRtxTimerNew)
    [Anonymous Symbol]                       0x08003cbc   Section        0  rtx_timer.o(.text.svcRtxTimerNew)
    svcRtxTimerStart                         0x08003d31   Thumb Code    68  rtx_timer.o(.text.svcRtxTimerStart)
    [Anonymous Symbol]                       0x08003d30   Section        0  rtx_timer.o(.text.svcRtxTimerStart)
    __arm_cp.12_0                            0x08003d74   Number         4  rtx_timer.o(.text.svcRtxTimerStart)
    [Anonymous Symbol]                       0x08003d78   Section        0  lcd.o(.text.symbolToLocalBuffer)
    $v0                                      0x08003dda   Number         0  fpinit.o(x$fpl$fpinit)
    x$fpl$fpinit                             0x08003dda   Section       26  fpinit.o(x$fpl$fpinit)
    __tagsym$$used.4                         0x08003df4   Number         0  rtx_lib.o(.rodata)
    __tagsym$$used.5                         0x08003e64   Number         0  rtx_lib.o(.rodata)
    os_idle_thread_attr                      0x08004844   Data          36  rtx_lib.o(.rodata.os_idle_thread_attr)
    [Anonymous Symbol]                       0x08004844   Section        0  rtx_lib.o(.rodata.os_idle_thread_attr)
    os_timer_mq_attr                         0x08004868   Data          24  rtx_lib.o(.rodata.os_timer_mq_attr)
    [Anonymous Symbol]                       0x08004868   Section        0  rtx_lib.o(.rodata.os_timer_mq_attr)
    os_timer_thread_attr                     0x08004880   Data          36  rtx_lib.o(.rodata.os_timer_thread_attr)
    [Anonymous Symbol]                       0x08004880   Section        0  rtx_lib.o(.rodata.os_timer_thread_attr)
    [Anonymous Symbol]                       0x080048a4   Section        0  rtx_kernel.o(.rodata.str1.4)
    .bss                                     0x20000158   Section       96  libspace.o(.bss)
    HAL_GetTick.ticks                        0x200001b8   Data           4  main.o(.bss.HAL_GetTick.ticks)
    [Anonymous Symbol]                       0x200001b8   Section        0  main.o(.bss.HAL_GetTick.ticks)
    SPI1_Info.0                              0x200001bc   Data           4  spi_stm32f4xx.o(.bss.SPI1_Info.0)
    [Anonymous Symbol]                       0x200001bc   Section        0  spi_stm32f4xx.o(.bss.SPI1_Info.0)
    SPI1_Info.1.0                            0x200001c0   Data           1  spi_stm32f4xx.o(.bss.SPI1_Info.1.0)
    [Anonymous Symbol]                       0x200001c0   Section        0  spi_stm32f4xx.o(.bss.SPI1_Info.1.0)
    SPI1_Info.1.1                            0x200001c4   Data           1  spi_stm32f4xx.o(.bss.SPI1_Info.1.1)
    [Anonymous Symbol]                       0x200001c4   Section        0  spi_stm32f4xx.o(.bss.SPI1_Info.1.1)
    SPI1_Info.1.2                            0x200001c6   Data           1  spi_stm32f4xx.o(.bss.SPI1_Info.1.2)
    [Anonymous Symbol]                       0x200001c6   Section        0  spi_stm32f4xx.o(.bss.SPI1_Info.1.2)
    SPI1_Info.2                              0x200001c8   Data           4  spi_stm32f4xx.o(.bss.SPI1_Info.2)
    [Anonymous Symbol]                       0x200001c8   Section        0  spi_stm32f4xx.o(.bss.SPI1_Info.2)
    SPI1_Info.3                              0x200001cc   Data           4  spi_stm32f4xx.o(.bss.SPI1_Info.3)
    [Anonymous Symbol]                       0x200001cc   Section        0  spi_stm32f4xx.o(.bss.SPI1_Info.3)
    SPI1_TransferInfo                        0x200001d0   Data          28  spi_stm32f4xx.o(.bss.SPI1_TransferInfo)
    [Anonymous Symbol]                       0x200001d0   Section        0  spi_stm32f4xx.o(.bss.SPI1_TransferInfo)
    buffer                                   0x200001ec   Data         512  lcd.o(.bss.buffer)
    [Anonymous Symbol]                       0x200001ec   Section        0  lcd.o(.bss.buffer)
    index                                    0x200003f8   Data           2  lcd.o(.bss.index)
    [Anonymous Symbol]                       0x200003f8   Section        0  lcd.o(.bss.index)
    os_isr_queue                             0x20000400   Data          64  rtx_lib.o(.bss.os)
    [Anonymous Symbol]                       0x20000400   Section        0  rtx_lib.o(.bss.os)
    os_mem                                   0x20000440   Data       32768  rtx_lib.o(.bss.os)
    PendST                                   0x20008440   Data           1  os_systick.o(.bss.os)
    [Anonymous Symbol]                       0x20008440   Section        0  os_systick.o(.bss.os)
    os_timer_mq_cb                           0x20008444   Data          52  rtx_lib.o(.bss.os.msgqueue.cb)
    [Anonymous Symbol]                       0x20008444   Section        0  rtx_lib.o(.bss.os.msgqueue.cb)
    os_timer_mq_data                         0x20008478   Data          80  rtx_lib.o(.bss.os.msgqueue.mem)
    [Anonymous Symbol]                       0x20008478   Section        0  rtx_lib.o(.bss.os.msgqueue.mem)
    os_idle_thread_cb                        0x200084c8   Data          68  rtx_lib.o(.bss.os.thread.cb)
    [Anonymous Symbol]                       0x200084c8   Section        0  rtx_lib.o(.bss.os.thread.cb)
    os_timer_thread_cb                       0x2000850c   Data          68  rtx_lib.o(.bss.os.thread.cb)
    os_idle_thread_stack                     0x20008550   Data         512  rtx_lib.o(.bss.os.thread.idle.stack)
    [Anonymous Symbol]                       0x20008550   Section        0  rtx_lib.o(.bss.os.thread.idle.stack)
    os_timer_thread_stack                    0x20008750   Data         512  rtx_lib.o(.bss.os.thread.timer.stack)
    [Anonymous Symbol]                       0x20008750   Section        0  rtx_lib.o(.bss.os.thread.timer.stack)
    os_kernel_is_active.os_kernel_active     0x20008950   Data           1  rtx_lib.o(.bss.os_kernel_is_active.os_kernel_active)
    [Anonymous Symbol]                       0x20008950   Section        0  rtx_lib.o(.bss.os_kernel_is_active.os_kernel_active)
    Heap_Mem                                 0x20008a90   Data         512  startup_stm32f429xx.o(HEAP)
    HEAP                                     0x20008a90   Section      512  startup_stm32f429xx.o(HEAP)
    Stack_Mem                                0x20008c90   Data        1024  startup_stm32f429xx.o(STACK)
    STACK                                    0x20008c90   Section     1024  startup_stm32f429xx.o(STACK)
    __initial_sp                             0x20009090   Data           0  startup_stm32f429xx.o(STACK)
    FPCCR                                    0xe000ef34   Number         0  irq_armv7m.o ABSOLUTE

    Global Symbols

    Symbol Name                              Value     Ov Type        Size  Object(Section)

    BuildAttributes$$THM_ISAv4$E$P$D$K$B$S$7EM$VFPi3$EXTD16$VFPS$VFMA$PE$A:L22UL41UL21$X:L11$S22US41US21$IEEE1$IW$~IW$USESV6$~STKCKD$USESV7$~SHL$OTIME$ROPI$EBA8$UX$STANDARDLIB$REQ8$PRES8$EABIv2 0x00000000   Number         0  anon$$obj.o ABSOLUTE
    .bss.os.evflags.cb$$Base                  - Undefined Weak Reference
    .bss.os.evflags.cb$$Limit                 - Undefined Weak Reference
    .bss.os.mempool.cb$$Base                  - Undefined Weak Reference
    .bss.os.mempool.cb$$Limit                 - Undefined Weak Reference
    .bss.os.mutex.cb$$Base                    - Undefined Weak Reference
    .bss.os.mutex.cb$$Limit                   - Undefined Weak Reference
    .bss.os.semaphore.cb$$Base                - Undefined Weak Reference
    .bss.os.semaphore.cb$$Limit               - Undefined Weak Reference
    .bss.os.timer.cb$$Base                    - Undefined Weak Reference
    .bss.os.timer.cb$$Limit                   - Undefined Weak Reference
    __ARM_exceptions_init                     - Undefined Weak Reference
    __alloca_initialize                       - Undefined Weak Reference
    __arm_preinit_                            - Undefined Weak Reference
    __cpp_initialize__aeabi_                  - Undefined Weak Reference
    __cxa_finalize                            - Undefined Weak Reference
    __rt_locale                               - Undefined Weak Reference
    __sigvec_lookup                           - Undefined Weak Reference
    _atexit_init                              - Undefined Weak Reference
    _call_atexit_fns                          - Undefined Weak Reference
    _clock_init                               - Undefined Weak Reference
    _fp_trap_init                             - Undefined Weak Reference
    _fp_trap_shutdown                         - Undefined Weak Reference
    _get_lc_collate                           - Undefined Weak Reference
    _get_lc_ctype                             - Undefined Weak Reference
    _get_lc_monetary                          - Undefined Weak Reference
    _get_lc_numeric                           - Undefined Weak Reference
    _get_lc_time                              - Undefined Weak Reference
    _getenv_init                              - Undefined Weak Reference
    _handle_redirection                       - Undefined Weak Reference
    _init_alloc                               - Undefined Weak Reference
    _init_user_alloc                          - Undefined Weak Reference
    _initio                                   - Undefined Weak Reference
    _printf_post_padding                      - Undefined Weak Reference
    _printf_pre_padding                       - Undefined Weak Reference
    _printf_truncate_signed                   - Undefined Weak Reference
    _printf_truncate_unsigned                 - Undefined Weak Reference
    _rand_init                                - Undefined Weak Reference
    _signal_finish                            - Undefined Weak Reference
    _signal_init                              - Undefined Weak Reference
    _terminate_alloc                          - Undefined Weak Reference
    _terminate_user_alloc                     - Undefined Weak Reference
    _terminateio                              - Undefined Weak Reference
    __Vectors_Size                           0x000001ac   Number         0  startup_stm32f429xx.o ABSOLUTE
    __Vectors                                0x08000000   Data           4  startup_stm32f429xx.o(RESET)
    __Vectors_End                            0x080001ac   Data           0  startup_stm32f429xx.o(RESET)
    __main                                   0x080001ad   Thumb Code     8  __main.o(!!!main)
    __scatterload                            0x080001b5   Thumb Code     0  __scatter.o(!!!scatter)
    __scatterload_rt2                        0x080001b5   Thumb Code    44  __scatter.o(!!!scatter)
    __scatterload_rt2_thumb_only             0x080001b5   Thumb Code     0  __scatter.o(!!!scatter)
    __scatterload_null                       0x080001c3   Thumb Code     0  __scatter.o(!!!scatter)
    __decompress                             0x080001e9   Thumb Code    58  __dczerorl.o(!!dczerorl)
    __decompress0                            0x080001e9   Thumb Code     0  __dczerorl.o(!!dczerorl)
    __scatterload_zeroinit                   0x08000225   Thumb Code    28  __scatter_zi.o(!!handler_zi)
    _printf_d                                0x08000241   Thumb Code     0  _printf_d.o(.ARM.Collect$$_printf_percent$$00000009)
    _printf_percent                          0x08000241   Thumb Code     0  _printf_percent.o(.ARM.Collect$$_printf_percent$$00000000)
    _printf_percent_end                      0x08000247   Thumb Code     0  _printf_percent_end.o(.ARM.Collect$$_printf_percent$$00000017)
    __rt_lib_init                            0x0800024b   Thumb Code     0  libinit.o(.ARM.Collect$$libinit$$00000000)
    __rt_lib_init_fp_1                       0x0800024d   Thumb Code     0  libinit2.o(.ARM.Collect$$libinit$$00000001)
    __rt_lib_init_alloca_1                   0x08000251   Thumb Code     0  libinit2.o(.ARM.Collect$$libinit$$0000002E)
    __rt_lib_init_argv_1                     0x08000251   Thumb Code     0  libinit2.o(.ARM.Collect$$libinit$$0000002C)
    __rt_lib_init_atexit_1                   0x08000251   Thumb Code     0  libinit2.o(.ARM.Collect$$libinit$$0000001B)
    __rt_lib_init_clock_1                    0x08000251   Thumb Code     0  libinit2.o(.ARM.Collect$$libinit$$00000021)
    __rt_lib_init_cpp_1                      0x08000251   Thumb Code     0  libinit2.o(.ARM.Collect$$libinit$$00000032)
    __rt_lib_init_exceptions_1               0x08000251   Thumb Code     0  libinit2.o(.ARM.Collect$$libinit$$00000030)
    __rt_lib_init_fp_trap_1                  0x08000251   Thumb Code     0  libinit2.o(.ARM.Collect$$libinit$$0000001F)
    __rt_lib_init_getenv_1                   0x08000251   Thumb Code     0  libinit2.o(.ARM.Collect$$libinit$$00000023)
    __rt_lib_init_heap_1                     0x08000251   Thumb Code     0  libinit2.o(.ARM.Collect$$libinit$$0000000A)
    __rt_lib_init_lc_collate_1               0x08000251   Thumb Code     0  libinit2.o(.ARM.Collect$$libinit$$00000011)
    __rt_lib_init_lc_ctype_1                 0x08000251   Thumb Code     0  libinit2.o(.ARM.Collect$$libinit$$00000013)
    __rt_lib_init_lc_monetary_1              0x08000251   Thumb Code     0  libinit2.o(.ARM.Collect$$libinit$$00000015)
    __rt_lib_init_lc_numeric_1               0x08000251   Thumb Code     0  libinit2.o(.ARM.Collect$$libinit$$00000017)
    __rt_lib_init_lc_time_1                  0x08000251   Thumb Code     0  libinit2.o(.ARM.Collect$$libinit$$00000019)
    __rt_lib_init_preinit_1                  0x08000251   Thumb Code     0  libinit2.o(.ARM.Collect$$libinit$$00000004)
    __rt_lib_init_rand_1                     0x08000251   Thumb Code     0  libinit2.o(.ARM.Collect$$libinit$$0000000E)
    __rt_lib_init_return                     0x08000251   Thumb Code     0  libinit2.o(.ARM.Collect$$libinit$$00000033)
    __rt_lib_init_signal_1                   0x08000251   Thumb Code     0  libinit2.o(.ARM.Collect$$libinit$$0000001D)
    __rt_lib_init_stdio_1                    0x08000251   Thumb Code     0  libinit2.o(.ARM.Collect$$libinit$$00000025)
    __rt_lib_init_user_alloc_1               0x08000251   Thumb Code     0  libinit2.o(.ARM.Collect$$libinit$$0000000C)
    __rt_lib_shutdown                        0x08000253   Thumb Code     0  libshutdown.o(.ARM.Collect$$libshutdown$$00000000)
    __rt_lib_shutdown_cpp_1                  0x08000255   Thumb Code     0  libshutdown2.o(.ARM.Collect$$libshutdown$$00000002)
    __rt_lib_shutdown_fp_trap_1              0x08000255   Thumb Code     0  libshutdown2.o(.ARM.Collect$$libshutdown$$00000007)
    __rt_lib_shutdown_heap_1                 0x08000255   Thumb Code     0  libshutdown2.o(.ARM.Collect$$libshutdown$$0000000F)
    __rt_lib_shutdown_return                 0x08000255   Thumb Code     0  libshutdown2.o(.ARM.Collect$$libshutdown$$00000010)
    __rt_lib_shutdown_signal_1               0x08000255   Thumb Code     0  libshutdown2.o(.ARM.Collect$$libshutdown$$0000000A)
    __rt_lib_shutdown_stdio_1                0x08000255   Thumb Code     0  libshutdown2.o(.ARM.Collect$$libshutdown$$00000004)
    __rt_lib_shutdown_user_alloc_1           0x08000255   Thumb Code     0  libshutdown2.o(.ARM.Collect$$libshutdown$$0000000C)
    __rt_entry                               0x08000257   Thumb Code     0  __rtentry.o(.ARM.Collect$$rtentry$$00000000)
    __rt_entry_presh_1                       0x08000257   Thumb Code     0  __rtentry2.o(.ARM.Collect$$rtentry$$00000002)
    __rt_entry_sh                            0x08000257   Thumb Code     0  __rtentry4.o(.ARM.Collect$$rtentry$$00000004)
    __rt_entry_postsh_1                      0x0800025d   Thumb Code     0  __rtentry2.o(.ARM.Collect$$rtentry$$00000008)
    __rt_entry_li                            0x08000265   Thumb Code     0  __rtentry2.o(.ARM.Collect$$rtentry$$0000000A)
    __rt_entry_main                          0x08000269   Thumb Code     0  __rtentry2.o(.ARM.Collect$$rtentry$$0000000D)
    __rt_entry_postli_1                      0x08000269   Thumb Code     0  __rtentry2.o(.ARM.Collect$$rtentry$$0000000C)
    __rt_exit                                0x08000271   Thumb Code     0  rtexit.o(.ARM.Collect$$rtexit$$00000000)
    __rt_exit_ls                             0x08000273   Thumb Code     0  rtexit2.o(.ARM.Collect$$rtexit$$00000003)
    __rt_exit_prels_1                        0x08000273   Thumb Code     0  rtexit2.o(.ARM.Collect$$rtexit$$00000002)
    __rt_exit_exit                           0x08000277   Thumb Code     0  rtexit2.o(.ARM.Collect$$rtexit$$00000004)
    Reset_Handler                            0x0800027d   Thumb Code     8  startup_stm32f429xx.o(.text)
    ADC_IRQHandler                           0x08000297   Thumb Code     0  startup_stm32f429xx.o(.text)
    CAN1_RX0_IRQHandler                      0x08000297   Thumb Code     0  startup_stm32f429xx.o(.text)
    CAN1_RX1_IRQHandler                      0x08000297   Thumb Code     0  startup_stm32f429xx.o(.text)
    CAN1_SCE_IRQHandler                      0x08000297   Thumb Code     0  startup_stm32f429xx.o(.text)
    CAN1_TX_IRQHandler                       0x08000297   Thumb Code     0  startup_stm32f429xx.o(.text)
    CAN2_RX0_IRQHandler                      0x08000297   Thumb Code     0  startup_stm32f429xx.o(.text)
    CAN2_RX1_IRQHandler                      0x08000297   Thumb Code     0  startup_stm32f429xx.o(.text)
    CAN2_SCE_IRQHandler                      0x08000297   Thumb Code     0  startup_stm32f429xx.o(.text)
    CAN2_TX_IRQHandler                       0x08000297   Thumb Code     0  startup_stm32f429xx.o(.text)
    DCMI_IRQHandler                          0x08000297   Thumb Code     0  startup_stm32f429xx.o(.text)
    DMA1_Stream0_IRQHandler                  0x08000297   Thumb Code     0  startup_stm32f429xx.o(.text)
    DMA1_Stream1_IRQHandler                  0x08000297   Thumb Code     0  startup_stm32f429xx.o(.text)
    DMA1_Stream2_IRQHandler                  0x08000297   Thumb Code     0  startup_stm32f429xx.o(.text)
    DMA1_Stream3_IRQHandler                  0x08000297   Thumb Code     0  startup_stm32f429xx.o(.text)
    DMA1_Stream4_IRQHandler                  0x08000297   Thumb Code     0  startup_stm32f429xx.o(.text)
    DMA1_Stream5_IRQHandler                  0x08000297   Thumb Code     0  startup_stm32f429xx.o(.text)
    DMA1_Stream6_IRQHandler                  0x08000297   Thumb Code     0  startup_stm32f429xx.o(.text)
    DMA1_Stream7_IRQHandler                  0x08000297   Thumb Code     0  startup_stm32f429xx.o(.text)
    DMA2D_IRQHandler                         0x08000297   Thumb Code     0  startup_stm32f429xx.o(.text)
    DMA2_Stream0_IRQHandler                  0x08000297   Thumb Code     0  startup_stm32f429xx.o(.text)
    DMA2_Stream1_IRQHandler                  0x08000297   Thumb Code     0  startup_stm32f429xx.o(.text)
    DMA2_Stream2_IRQHandler                  0x08000297   Thumb Code     0  startup_stm32f429xx.o(.text)
    DMA2_Stream3_IRQHandler                  0x08000297   Thumb Code     0  startup_stm32f429xx.o(.text)
    DMA2_Stream4_IRQHandler                  0x08000297   Thumb Code     0  startup_stm32f429xx.o(.text)
    DMA2_Stream5_IRQHandler                  0x08000297   Thumb Code     0  startup_stm32f429xx.o(.text)
    DMA2_Stream6_IRQHandler                  0x08000297   Thumb Code     0  startup_stm32f429xx.o(.text)
    DMA2_Stream7_IRQHandler                  0x08000297   Thumb Code     0  startup_stm32f429xx.o(.text)
    ETH_IRQHandler                           0x08000297   Thumb Code     0  startup_stm32f429xx.o(.text)
    ETH_WKUP_IRQHandler                      0x08000297   Thumb Code     0  startup_stm32f429xx.o(.text)
    EXTI0_IRQHandler                         0x08000297   Thumb Code     0  startup_stm32f429xx.o(.text)
    EXTI1_IRQHandler                         0x08000297   Thumb Code     0  startup_stm32f429xx.o(.text)
    EXTI2_IRQHandler                         0x08000297   Thumb Code     0  startup_stm32f429xx.o(.text)
    EXTI3_IRQHandler                         0x08000297   Thumb Code     0  startup_stm32f429xx.o(.text)
    EXTI4_IRQHandler                         0x08000297   Thumb Code     0  startup_stm32f429xx.o(.text)
    EXTI9_5_IRQHandler                       0x08000297   Thumb Code     0  startup_stm32f429xx.o(.text)
    FLASH_IRQHandler                         0x08000297   Thumb Code     0  startup_stm32f429xx.o(.text)
    FMC_IRQHandler                           0x08000297   Thumb Code     0  startup_stm32f429xx.o(.text)
    FPU_IRQHandler                           0x08000297   Thumb Code     0  startup_stm32f429xx.o(.text)
    HASH_RNG_IRQHandler                      0x08000297   Thumb Code     0  startup_stm32f429xx.o(.text)
    I2C1_ER_IRQHandler                       0x08000297   Thumb Code     0  startup_stm32f429xx.o(.text)
    I2C1_EV_IRQHandler                       0x08000297   Thumb Code     0  startup_stm32f429xx.o(.text)
    I2C2_ER_IRQHandler                       0x08000297   Thumb Code     0  startup_stm32f429xx.o(.text)
    I2C2_EV_IRQHandler                       0x08000297   Thumb Code     0  startup_stm32f429xx.o(.text)
    I2C3_ER_IRQHandler                       0x08000297   Thumb Code     0  startup_stm32f429xx.o(.text)
    I2C3_EV_IRQHandler                       0x08000297   Thumb Code     0  startup_stm32f429xx.o(.text)
    LTDC_ER_IRQHandler                       0x08000297   Thumb Code     0  startup_stm32f429xx.o(.text)
    LTDC_IRQHandler                          0x08000297   Thumb Code     0  startup_stm32f429xx.o(.text)
    OTG_FS_IRQHandler                        0x08000297   Thumb Code     0  startup_stm32f429xx.o(.text)
    OTG_FS_WKUP_IRQHandler                   0x08000297   Thumb Code     0  startup_stm32f429xx.o(.text)
    OTG_HS_EP1_IN_IRQHandler                 0x08000297   Thumb Code     0  startup_stm32f429xx.o(.text)
    OTG_HS_EP1_OUT_IRQHandler                0x08000297   Thumb Code     0  startup_stm32f429xx.o(.text)
    OTG_HS_IRQHandler                        0x08000297   Thumb Code     0  startup_stm32f429xx.o(.text)
    OTG_HS_WKUP_IRQHandler                   0x08000297   Thumb Code     0  startup_stm32f429xx.o(.text)
    PVD_IRQHandler                           0x08000297   Thumb Code     0  startup_stm32f429xx.o(.text)
    RCC_IRQHandler                           0x08000297   Thumb Code     0  startup_stm32f429xx.o(.text)
    RTC_Alarm_IRQHandler                     0x08000297   Thumb Code     0  startup_stm32f429xx.o(.text)
    RTC_WKUP_IRQHandler                      0x08000297   Thumb Code     0  startup_stm32f429xx.o(.text)
    SAI1_IRQHandler                          0x08000297   Thumb Code     0  startup_stm32f429xx.o(.text)
    SDIO_IRQHandler                          0x08000297   Thumb Code     0  startup_stm32f429xx.o(.text)
    SPI2_IRQHandler                          0x08000297   Thumb Code     0  startup_stm32f429xx.o(.text)
    SPI3_IRQHandler                          0x08000297   Thumb Code     0  startup_stm32f429xx.o(.text)
    SPI4_IRQHandler                          0x08000297   Thumb Code     0  startup_stm32f429xx.o(.text)
    SPI5_IRQHandler                          0x08000297   Thumb Code     0  startup_stm32f429xx.o(.text)
    SPI6_IRQHandler                          0x08000297   Thumb Code     0  startup_stm32f429xx.o(.text)
    TAMP_STAMP_IRQHandler                    0x08000297   Thumb Code     0  startup_stm32f429xx.o(.text)
    TIM1_BRK_TIM9_IRQHandler                 0x08000297   Thumb Code     0  startup_stm32f429xx.o(.text)
    TIM1_CC_IRQHandler                       0x08000297   Thumb Code     0  startup_stm32f429xx.o(.text)
    TIM1_TRG_COM_TIM11_IRQHandler            0x08000297   Thumb Code     0  startup_stm32f429xx.o(.text)
    TIM1_UP_TIM10_IRQHandler                 0x08000297   Thumb Code     0  startup_stm32f429xx.o(.text)
    TIM2_IRQHandler                          0x08000297   Thumb Code     0  startup_stm32f429xx.o(.text)
    TIM3_IRQHandler                          0x08000297   Thumb Code     0  startup_stm32f429xx.o(.text)
    TIM4_IRQHandler                          0x08000297   Thumb Code     0  startup_stm32f429xx.o(.text)
    TIM5_IRQHandler                          0x08000297   Thumb Code     0  startup_stm32f429xx.o(.text)
    TIM6_DAC_IRQHandler                      0x08000297   Thumb Code     0  startup_stm32f429xx.o(.text)
    TIM7_IRQHandler                          0x08000297   Thumb Code     0  startup_stm32f429xx.o(.text)
    TIM8_BRK_TIM12_IRQHandler                0x08000297   Thumb Code     0  startup_stm32f429xx.o(.text)
    TIM8_CC_IRQHandler                       0x08000297   Thumb Code     0  startup_stm32f429xx.o(.text)
    TIM8_TRG_COM_TIM14_IRQHandler            0x08000297   Thumb Code     0  startup_stm32f429xx.o(.text)
    TIM8_UP_TIM13_IRQHandler                 0x08000297   Thumb Code     0  startup_stm32f429xx.o(.text)
    UART4_IRQHandler                         0x08000297   Thumb Code     0  startup_stm32f429xx.o(.text)
    UART5_IRQHandler                         0x08000297   Thumb Code     0  startup_stm32f429xx.o(.text)
    UART7_IRQHandler                         0x08000297   Thumb Code     0  startup_stm32f429xx.o(.text)
    UART8_IRQHandler                         0x08000297   Thumb Code     0  startup_stm32f429xx.o(.text)
    USART1_IRQHandler                        0x08000297   Thumb Code     0  startup_stm32f429xx.o(.text)
    USART2_IRQHandler                        0x08000297   Thumb Code     0  startup_stm32f429xx.o(.text)
    USART3_IRQHandler                        0x08000297   Thumb Code     0  startup_stm32f429xx.o(.text)
    USART6_IRQHandler                        0x08000297   Thumb Code     0  startup_stm32f429xx.o(.text)
    WWDG_IRQHandler                          0x08000297   Thumb Code     0  startup_stm32f429xx.o(.text)
    __user_initial_stackheap                 0x08000299   Thumb Code     0  startup_stm32f429xx.o(.text)
    SVC_Handler                              0x080002bd   Thumb Code   154  irq_armv7m.o(.text)
    PendSV_Handler                           0x08000357   Thumb Code    16  irq_armv7m.o(.text)
    SysTick_Handler                          0x08000367   Thumb Code    16  irq_armv7m.o(.text)
    __aeabi_uldivmod                         0x08000385   Thumb Code     0  lludivv7m.o(.text)
    _ll_udiv                                 0x08000385   Thumb Code   240  lludivv7m.o(.text)
    __2sprintf                               0x08000475   Thumb Code    34  noretval__2sprintf.o(.text)
    __printf                                 0x0800049d   Thumb Code   104  __printf.o(.text)
    _printf_int_dec                          0x08000505   Thumb Code   104  _printf_dec.o(.text)
    __aeabi_memcpy                           0x0800057d   Thumb Code     0  rt_memcpy_v6.o(.text)
    __rt_memcpy                              0x0800057d   Thumb Code   138  rt_memcpy_v6.o(.text)
    _memcpy_lastbytes                        0x080005e3   Thumb Code     0  rt_memcpy_v6.o(.text)
    __aeabi_memclr                           0x08000607   Thumb Code     0  rt_memclr.o(.text)
    __rt_memclr                              0x08000607   Thumb Code     0  rt_memclr.o(.text)
    _memset                                  0x0800060b   Thumb Code    64  rt_memclr.o(.text)
    __aeabi_memclr4                          0x0800064b   Thumb Code     0  rt_memclr_w.o(.text)
    __aeabi_memclr8                          0x0800064b   Thumb Code     0  rt_memclr_w.o(.text)
    __rt_memclr_w                            0x0800064b   Thumb Code     0  rt_memclr_w.o(.text)
    _memset_w                                0x0800064f   Thumb Code    74  rt_memclr_w.o(.text)
    __use_two_region_memory                  0x08000699   Thumb Code     2  heapauxi.o(.text)
    __rt_heap_escrow$2region                 0x0800069b   Thumb Code     2  heapauxi.o(.text)
    __rt_heap_expand$2region                 0x0800069d   Thumb Code     2  heapauxi.o(.text)
    _printf_int_common                       0x0800069f   Thumb Code   178  _printf_intcommon.o(.text)
    _printf_char_common                      0x0800075b   Thumb Code    32  _printf_char_common.o(.text)
    _sputc                                   0x08000781   Thumb Code    10  _sputc.o(.text)
    __aeabi_memcpy4                          0x0800078b   Thumb Code     0  rt_memcpy_w.o(.text)
    __aeabi_memcpy8                          0x0800078b   Thumb Code     0  rt_memcpy_w.o(.text)
    __rt_memcpy_w                            0x0800078b   Thumb Code   100  rt_memcpy_w.o(.text)
    _memcpy_lastbytes_aligned                0x080007d3   Thumb Code     0  rt_memcpy_w.o(.text)
    __user_setup_stackheap                   0x080007ef   Thumb Code    74  sys_stackheap_outer.o(.text)
    exit                                     0x08000839   Thumb Code    18  exit.o(.text)
    __user_libspace                          0x0800084d   Thumb Code     8  libspace.o(.text)
    __user_perproc_libspace                  0x0800084d   Thumb Code     0  libspace.o(.text)
    _sys_exit                                0x08000855   Thumb Code     8  sys_exit.o(.text)
    __I$use$semihosting                      0x08000861   Thumb Code     0  use_no_semi.o(.text)
    __use_no_semihosting_swi                 0x08000861   Thumb Code     2  use_no_semi.o(.text)
    __semihosting_library_function           0x08000863   Thumb Code     0  indicate_semi.o(.text)
    BusFault_Handler                         0x08000865   Thumb Code     2  stm32f4xx_it.o(.text.BusFault_Handler)
    DebugMon_Handler                         0x08000869   Thumb Code     2  stm32f4xx_it.o(.text.DebugMon_Handler)
    EXTI15_10_IRQHandler                     0x08000881   Thumb Code    44  stm32f4xx_it.o(.text.EXTI15_10_IRQHandler)
    HAL_Delay                                0x080008f5   Thumb Code    40  stm32f4xx_hal.o(.text.HAL_Delay)
    HAL_GPIO_DeInit                          0x0800091d   Thumb Code   262  stm32f4xx_hal_gpio.o(.text.HAL_GPIO_DeInit)
    HAL_GPIO_EXTI_Callback                   0x08000a25   Thumb Code    20  stm32f4xx_it.o(.text.HAL_GPIO_EXTI_Callback)
    HAL_GPIO_EXTI_IRQHandler                 0x08000a39   Thumb Code    26  stm32f4xx_hal_gpio.o(.text.HAL_GPIO_EXTI_IRQHandler)
    HAL_GPIO_Init                            0x08000a55   Thumb Code   410  stm32f4xx_hal_gpio.o(.text.HAL_GPIO_Init)
    HAL_GPIO_ReadPin                         0x08000bf1   Thumb Code    10  stm32f4xx_hal_gpio.o(.text.HAL_GPIO_ReadPin)
    HAL_GPIO_WritePin                        0x08000bfd   Thumb Code    10  stm32f4xx_hal_gpio.o(.text.HAL_GPIO_WritePin)
    HAL_GetREVID                             0x08000c09   Thumb Code    14  stm32f4xx_hal.o(.text.HAL_GetREVID)
    HAL_GetTick                              0x08000c19   Thumb Code    80  main.o(.text.HAL_GetTick)
    HAL_Init                                 0x08000c69   Thumb Code    46  stm32f4xx_hal.o(.text.HAL_Init)
    HAL_InitTick                             0x08000c99   Thumb Code    80  stm32f4xx_hal.o(.text.HAL_InitTick)
    HAL_MspInit                              0x08000ce9   Thumb Code     2  stm32f4xx_hal.o(.text.HAL_MspInit)
    HAL_NVIC_DisableIRQ                      0x08000ced   Thumb Code     8  stm32f4xx_hal_cortex.o(.text.HAL_NVIC_DisableIRQ)
    HAL_NVIC_EnableIRQ                       0x08000cf5   Thumb Code     8  stm32f4xx_hal_cortex.o(.text.HAL_NVIC_EnableIRQ)
    HAL_NVIC_SetPriority                     0x08000cfd   Thumb Code    30  stm32f4xx_hal_cortex.o(.text.HAL_NVIC_SetPriority)
    HAL_NVIC_SetPriorityGrouping             0x08000d1d   Thumb Code     8  stm32f4xx_hal_cortex.o(.text.HAL_NVIC_SetPriorityGrouping)
    HAL_RCC_ClockConfig                      0x08000d25   Thumb Code   352  stm32f4xx_hal_rcc.o(.text.HAL_RCC_ClockConfig)
    HAL_RCC_GetHCLKFreq                      0x08000e85   Thumb Code    12  stm32f4xx_hal_rcc.o(.text.HAL_RCC_GetHCLKFreq)
    HAL_RCC_GetPCLK2Freq                     0x08000e91   Thumb Code    34  stm32f4xx_hal_rcc.o(.text.HAL_RCC_GetPCLK2Freq)
    HAL_RCC_GetSysClockFreq                  0x08000eb5   Thumb Code   106  stm32f4xx_hal_rcc.o(.text.HAL_RCC_GetSysClockFreq)
    HAL_RCC_OscConfig                        0x08000f21   Thumb Code   820  stm32f4xx_hal_rcc.o(.text.HAL_RCC_OscConfig)
    HAL_SYSTICK_Config                       0x08001255   Thumb Code     8  stm32f4xx_hal_cortex.o(.text.HAL_SYSTICK_Config)
    HardFault_Handler                        0x0800125d   Thumb Code     2  stm32f4xx_it.o(.text.HardFault_Handler)
    Init_Lector                              0x08001261   Thumb Code    44  lector.o(.text.Init_Lector)
    Init_ThJoy                               0x0800128d   Thumb Code    64  thjoy.o(.text.Init_ThJoy)
    Init_Thleds                              0x080012cd   Thumb Code    44  thleds.o(.text.Init_Thleds)
    LCD_init                                 0x080012f9   Thumb Code    76  lcd.o(.text.LCD_init)
    LCD_limpiarBuffer                        0x08001345   Thumb Code    20  lcd.o(.text.LCD_limpiarBuffer)
    LCD_reset                                0x08001359   Thumb Code   240  lcd.o(.text.LCD_reset)
    LCD_update                               0x08001449   Thumb Code   154  lcd.o(.text.LCD_update)
    LCD_wr_cmd                               0x080014e5   Thumb Code    90  lcd.o(.text.LCD_wr_cmd)
    LCD_wr_data                              0x08001541   Thumb Code    90  lcd.o(.text.LCD_wr_data)
    LCD_writeLine                            0x0800159d   Thumb Code    48  lcd.o(.text.LCD_writeLine)
    Lector                                   0x080015cd   Thumb Code   108  lector.o(.text.Lector)
    MemManage_Handler                        0x08001649   Thumb Code     2  stm32f4xx_it.o(.text.MemManage_Handler)
    NMI_Handler                              0x08001701   Thumb Code     2  stm32f4xx_it.o(.text.NMI_Handler)
    OS_Tick_AcknowledgeIRQ                   0x08001731   Thumb Code     8  os_systick.o(.text.OS_Tick_AcknowledgeIRQ)
    OS_Tick_Enable                           0x08001739   Thumb Code    32  os_systick.o(.text.OS_Tick_Enable)
    OS_Tick_GetIRQn                          0x0800175d   Thumb Code     6  os_systick.o(.text.OS_Tick_GetIRQn)
    OS_Tick_Setup                            0x08001765   Thumb Code    48  os_systick.o(.text.OS_Tick_Setup)
    SPI1_IRQHandler                          0x080017e1   Thumb Code     8  spi_stm32f4xx.o(.text.SPI1_IRQHandler)
    SystemCoreClockUpdate                    0x080020b5   Thumb Code   126  system_stm32f4xx.o(.text.SystemCoreClockUpdate)
    SystemInit                               0x08002135   Thumb Code    26  system_stm32f4xx.o(.text.SystemInit)
    ThJoy                                    0x08002151   Thumb Code   290  thjoy.o(.text.ThJoy)
    Thleds                                   0x08002275   Thumb Code   290  thleds.o(.text.Thleds)
    Timer1_Callback                          0x080023fd   Thumb Code   300  thjoy.o(.text.Timer1_Callback)
    UsageFault_Handler                       0x08002591   Thumb Code     2  stm32f4xx_it.o(.text.UsageFault_Handler)
    _mutex_acquire                           0x08002651   Thumb Code    26  rtx_lib.o(.text._mutex_acquire)
    _mutex_free                              0x0800266d   Thumb Code    10  rtx_lib.o(.text._mutex_free)
    _mutex_initialize                        0x08002679   Thumb Code    32  rtx_lib.o(.text._mutex_initialize)
    _mutex_release                           0x08002699   Thumb Code    22  rtx_lib.o(.text._mutex_release)
    _platform_post_stackheap_init            0x080026b1   Thumb Code     8  rtx_lib.o(.text._platform_post_stackheap_init)
    main                                     0x080026b9   Thumb Code    34  main.o(.text.main)
    osKernelGetState                         0x080026dd   Thumb Code    40  rtx_kernel.o(.text.osKernelGetState)
    osKernelGetTickCount                     0x08002709   Thumb Code    32  rtx_kernel.o(.text.osKernelGetTickCount)
    osKernelInitialize                       0x08002731   Thumb Code    40  rtx_kernel.o(.text.osKernelInitialize)
    osKernelStart                            0x0800275d   Thumb Code    32  rtx_kernel.o(.text.osKernelStart)
    osMessageQueueGet                        0x08002781   Thumb Code   108  rtx_msgqueue.o(.text.osMessageQueueGet)
    osMessageQueueGetCount                   0x080027f1   Thumb Code    44  rtx_msgqueue.o(.text.osMessageQueueGetCount)
    osMessageQueueNew                        0x08002821   Thumb Code    32  rtx_msgqueue.o(.text.osMessageQueueNew)
    osMessageQueuePut                        0x08002845   Thumb Code   124  rtx_msgqueue.o(.text.osMessageQueuePut)
    osMutexAcquire                           0x080028c5   Thumb Code    32  rtx_mutex.o(.text.osMutexAcquire)
    osMutexDelete                            0x080028e9   Thumb Code    32  rtx_mutex.o(.text.osMutexDelete)
    osMutexNew                               0x0800290d   Thumb Code    32  rtx_mutex.o(.text.osMutexNew)
    osMutexRelease                           0x08002931   Thumb Code    32  rtx_mutex.o(.text.osMutexRelease)
    osRtxErrorNotify                         0x08002955   Thumb Code     2  rtx_config.o(.text.osRtxErrorNotify)
    osRtxIdleThread                          0x08002959   Thumb Code     2  rtx_config.o(.text.osRtxIdleThread)
    osRtxKernelErrorNotify                   0x0800295b   Thumb Code     4  rtx_kernel.o(.text.osRtxKernelErrorNotify)
    osRtxKernelPreInit                       0x0800295f   Thumb Code     2  rtx_kernel.o(.text.osRtxKernelPreInit)
    osRtxMemoryAlloc                         0x08002961   Thumb Code   108  rtx_memory.o(.text.osRtxMemoryAlloc)
    osRtxMemoryFree                          0x080029cd   Thumb Code    66  rtx_memory.o(.text.osRtxMemoryFree)
    osRtxMemoryInit                          0x08002a0f   Thumb Code    54  rtx_memory.o(.text.osRtxMemoryInit)
    osRtxMemoryPoolAlloc                     0x08002a45   Thumb Code    58  rtx_mempool.o(.text.osRtxMemoryPoolAlloc)
    osRtxMemoryPoolFree                      0x08002a7f   Thumb Code    74  rtx_mempool.o(.text.osRtxMemoryPoolFree)
    osRtxMemoryPoolInit                      0x08002ac9   Thumb Code    56  rtx_mempool.o(.text.osRtxMemoryPoolInit)
    osRtxMessageQueueTimerSetup              0x08002bad   Thumb Code    32  rtx_msgqueue.o(.text.osRtxMessageQueueTimerSetup)
    osRtxMutexOwnerRelease                   0x08002bd1   Thumb Code    72  rtx_mutex.o(.text.osRtxMutexOwnerRelease)
    osRtxMutexOwnerRestore                   0x08002c19   Thumb Code    66  rtx_mutex.o(.text.osRtxMutexOwnerRestore)
    osRtxPendSV_Handler                      0x08002c5d   Thumb Code   136  rtx_system.o(.text.osRtxPendSV_Handler)
    osRtxPostProcess                         0x08002ce5   Thumb Code   108  rtx_system.o(.text.osRtxPostProcess)
    osRtxThreadDelayTick                     0x08002e41   Thumb Code    72  rtx_thread.o(.text.osRtxThreadDelayTick)
    osRtxThreadDispatch                      0x08002ea9   Thumb Code    80  rtx_thread.o(.text.osRtxThreadDispatch)
    osRtxThreadListGet                       0x08002f6f   Thumb Code    18  rtx_thread.o(.text.osRtxThreadListGet)
    osRtxThreadListPut                       0x08002f81   Thumb Code    44  rtx_thread.o(.text.osRtxThreadListPut)
    osRtxThreadListRemove                    0x08002fad   Thumb Code    20  rtx_thread.o(.text.osRtxThreadListRemove)
    osRtxThreadListSort                      0x08002fcd   Thumb Code    38  rtx_thread.o(.text.osRtxThreadListSort)
    osRtxThreadReadyPut                      0x0800301d   Thumb Code    16  rtx_thread.o(.text.osRtxThreadReadyPut)
    osRtxThreadRegPtr                        0x08003031   Thumb Code    20  rtx_thread.o(.text.osRtxThreadRegPtr)
    osRtxThreadStartup                       0x08003045   Thumb Code    48  rtx_thread.o(.text.osRtxThreadStartup)
    osRtxThreadSwitch                        0x0800307d   Thumb Code    12  rtx_thread.o(.text.osRtxThreadSwitch)
    osRtxThreadWaitEnter                     0x08003089   Thumb Code    56  rtx_thread.o(.text.osRtxThreadWaitEnter)
    osRtxThreadWaitExit                      0x080030c5   Thumb Code    48  rtx_thread.o(.text.osRtxThreadWaitExit)
    osRtxTick_Handler                        0x080030f5   Thumb Code   116  rtx_system.o(.text.osRtxTick_Handler)
    osRtxTimerSetup                          0x0800316d   Thumb Code    24  rtx_timer.o(.text.osRtxTimerSetup)
    osRtxTimerThread                         0x0800318d   Thumb Code    32  rtx_timer.o(.text.osRtxTimerThread)
    osThreadExit                             0x0800321d   Thumb Code     8  rtx_thread.o(.text.osThreadExit)
    osThreadFlagsSet                         0x08003229   Thumb Code    84  rtx_thread.o(.text.osThreadFlagsSet)
    osThreadFlagsWait                        0x08003281   Thumb Code    32  rtx_thread.o(.text.osThreadFlagsWait)
    osThreadNew                              0x080032a5   Thumb Code    32  rtx_thread.o(.text.osThreadNew)
    osTimerNew                               0x080032c9   Thumb Code    32  rtx_timer.o(.text.osTimerNew)
    osTimerStart                             0x080032ed   Thumb Code    32  rtx_timer.o(.text.osTimerStart)
    symbolToLocalBuffer                      0x08003d79   Thumb Code    98  lcd.o(.text.symbolToLocalBuffer)
    _fp_init                                 0x08003ddb   Thumb Code    26  fpinit.o(x$fpl$fpinit)
    __fplib_config_fpu_vfp                   0x08003df3   Thumb Code     0  fpinit.o(x$fpl$fpinit)
    __fplib_config_pureend_doubles           0x08003df3   Thumb Code     0  fpinit.o(x$fpl$fpinit)
    osRtxConfig                              0x08003df4   Data         112  rtx_lib.o(.rodata)
    os_cb_sections                           0x08003e64   Data          56  rtx_lib.o(.rodata)
    AHBPrescTable                            0x08003e9c   Data          16  system_stm32f4xx.o(.rodata.AHBPrescTable)
    APBPrescTable                            0x08003eac   Data           8  system_stm32f4xx.o(.rodata.APBPrescTable)
    Arial12x12                               0x08003eb4   Data        2400  lcd.o(.rodata.Arial12x12)
    Driver_SPI1                              0x08004814   Data          44  spi_stm32f4xx.o(.rodata.Driver_SPI1)
    osRtxUserSVC                             0x08004840   Data           4  rtx_lib.o(.rodata.osRtxUserSVC)
    Region$$Table$$Base                      0x080048b0   Number         0  anon$$obj.o(Region$$Table)
    Region$$Table$$Limit                     0x080048d0   Number         0  anon$$obj.o(Region$$Table)
    SPIdrv                                   0x20000000   Data           4  lcd.o(.data.SPIdrv)
    SystemCoreClock                          0x20000004   Data           4  system_stm32f4xx.o(.data.SystemCoreClock)
    joy_abajo                                0x20000008   Data          20  thjoy.o(.data.joy_abajo)
    joy_arriba                               0x2000001c   Data          20  thjoy.o(.data.joy_arriba)
    joy_centro                               0x20000030   Data          20  thjoy.o(.data.joy_centro)
    joy_derecha                              0x20000044   Data          20  thjoy.o(.data.joy_derecha)
    joy_izquierda                            0x20000058   Data          20  thjoy.o(.data.joy_izquierda)
    led1                                     0x2000006c   Data          20  thleds.o(.data.led1)
    led2                                     0x20000080   Data          20  thleds.o(.data.led2)
    led3                                     0x20000094   Data          20  thleds.o(.data.led3)
    osRtxInfo                                0x200000a8   Data         164  rtx_kernel.o(.data.os)
    uwTickFreq                               0x2000014c   Data           1  stm32f4xx_hal.o(.data.uwTickFreq)
    uwTickPrio                               0x20000150   Data           4  stm32f4xx_hal.o(.data.uwTickPrio)
    __libspace_start                         0x20000158   Data          96  libspace.o(.bss)
    __temporary_stack_top$libspace           0x200001b8   Data           0  libspace.o(.bss)
    cont_abajo                               0x200003ec   Data           1  thjoy.o(.bss.cont_abajo)
    cont_arriba                              0x200003ed   Data           1  thjoy.o(.bss.cont_arriba)
    cont_centro                              0x200003ee   Data           1  thjoy.o(.bss.cont_centro)
    cont_derecha                             0x200003ef   Data           1  thjoy.o(.bss.cont_derecha)
    cont_izquierda                           0x200003f0   Data           1  thjoy.o(.bss.cont_izquierda)
    id_MsgQueue                              0x200003f4   Data           4  thjoy.o(.bss.id_MsgQueue)
    .bss.os.msgqueue.cb$$Base                0x20008444   Number         0  rtx_lib.o(.bss.os.msgqueue.cb)
    .bss.os.msgqueue.cb$$Limit               0x20008478   Number         0  rtx_lib.o(.bss.os.msgqueue.cb)
    .bss.os.thread.cb$$Base                  0x200084c8   Number         0  rtx_lib.o(.bss.os.thread.cb)
    .bss.os.thread.cb$$Limit                 0x20008550   Number         0  rtx_lib.o(.bss.os.thread.cb)
    pinB0                                    0x20008954   Data          32  thleds.o(.bss.pinB0)
    pinB10                                   0x20008974   Data          32  thjoy.o(.bss.pinB10)
    pinB11                                   0x20008994   Data          32  thjoy.o(.bss.pinB11)
    pinB14                                   0x200089b4   Data          32  thleds.o(.bss.pinB14)
    pinB7                                    0x200089d4   Data          32  thleds.o(.bss.pinB7)
    pinE12                                   0x200089f4   Data          32  thjoy.o(.bss.pinE12)
    pinE14                                   0x20008a14   Data          32  thjoy.o(.bss.pinE14)
    pinE15                                   0x20008a34   Data          32  thjoy.o(.bss.pinE15)
    qsize                                    0x20008a54   Data           4  lector.o(.bss.qsize)
    status                                   0x20008a58   Data           4  thleds.o(.bss.status)
    status_c                                 0x20008a5c   Data           4  lector.o(.bss.status_c)
    tid_Lector                               0x20008a60   Data           4  lector.o(.bss.tid_Lector)
    tid_ThJoy                                0x20008a64   Data           4  thjoy.o(.bss.tid_ThJoy)
    tid_Thleds                               0x20008a68   Data           4  thleds.o(.bss.tid_Thleds)
    val                                      0x20008a6c   Data           1  lector.o(.bss.val)
    valor                                    0x20008a6d   Data          32  lector.o(.bss.valor)



==============================================================================

Memory Map of the image

  Image Entry point : 0x0800027d

  Load Region LR_1 (Base: 0x08000000, Size: 0x00004a24, Max: 0xffffffff, ABSOLUTE, COMPRESSED[0x00004920])

    Execution Region ER_RO (Exec base: 0x08000000, Load base: 0x08000000, Size: 0x000048d0, Max: 0xffffffff, ABSOLUTE)

    Exec Addr    Load Addr    Size         Type   Attr      Idx    E Section Name        Object

    0x08000000   0x08000000   0x000001ac   Data   RO          929    RESET               startup_stm32f429xx.o
    0x080001ac   0x080001ac   0x00000008   Code   RO         1589  * !!!main             c_w.l(__main.o)
    0x080001b4   0x080001b4   0x00000034   Code   RO         1773    !!!scatter          c_w.l(__scatter.o)
    0x080001e8   0x080001e8   0x0000003a   Code   RO         1771    !!dczerorl          c_w.l(__dczerorl.o)
    0x08000222   0x08000222   0x00000002   PAD
    0x08000224   0x08000224   0x0000001c   Code   RO         1775    !!handler_zi        c_w.l(__scatter_zi.o)
    0x08000240   0x08000240   0x00000000   Code   RO         1580    .ARM.Collect$$_printf_percent$$00000000  c_w.l(_printf_percent.o)
    0x08000240   0x08000240   0x00000006   Code   RO         1579    .ARM.Collect$$_printf_percent$$00000009  c_w.l(_printf_d.o)
    0x08000246   0x08000246   0x00000004   Code   RO         1602    .ARM.Collect$$_printf_percent$$00000017  c_w.l(_printf_percent_end.o)
    0x0800024a   0x0800024a   0x00000002   Code   RO         1635    .ARM.Collect$$libinit$$00000000  c_w.l(libinit.o)
    0x0800024c   0x0800024c   0x00000004   Code   RO         1647    .ARM.Collect$$libinit$$00000001  c_w.l(libinit2.o)
    0x08000250   0x08000250   0x00000000   Code   RO         1650    .ARM.Collect$$libinit$$00000004  c_w.l(libinit2.o)
    0x08000250   0x08000250   0x00000000   Code   RO         1653    .ARM.Collect$$libinit$$0000000A  c_w.l(libinit2.o)
    0x08000250   0x08000250   0x00000000   Code   RO         1655    .ARM.Collect$$libinit$$0000000C  c_w.l(libinit2.o)
    0x08000250   0x08000250   0x00000000   Code   RO         1657    .ARM.Collect$$libinit$$0000000E  c_w.l(libinit2.o)
    0x08000250   0x08000250   0x00000000   Code   RO         1660    .ARM.Collect$$libinit$$00000011  c_w.l(libinit2.o)
    0x08000250   0x08000250   0x00000000   Code   RO         1662    .ARM.Collect$$libinit$$00000013  c_w.l(libinit2.o)
    0x08000250   0x08000250   0x00000000   Code   RO         1664    .ARM.Collect$$libinit$$00000015  c_w.l(libinit2.o)
    0x08000250   0x08000250   0x00000000   Code   RO         1666    .ARM.Collect$$libinit$$00000017  c_w.l(libinit2.o)
    0x08000250   0x08000250   0x00000000   Code   RO         1668    .ARM.Collect$$libinit$$00000019  c_w.l(libinit2.o)
    0x08000250   0x08000250   0x00000000   Code   RO         1670    .ARM.Collect$$libinit$$0000001B  c_w.l(libinit2.o)
    0x08000250   0x08000250   0x00000000   Code   RO         1672    .ARM.Collect$$libinit$$0000001D  c_w.l(libinit2.o)
    0x08000250   0x08000250   0x00000000   Code   RO         1674    .ARM.Collect$$libinit$$0000001F  c_w.l(libinit2.o)
    0x08000250   0x08000250   0x00000000   Code   RO         1676    .ARM.Collect$$libinit$$00000021  c_w.l(libinit2.o)
    0x08000250   0x08000250   0x00000000   Code   RO         1678    .ARM.Collect$$libinit$$00000023  c_w.l(libinit2.o)
    0x08000250   0x08000250   0x00000000   Code   RO         1680    .ARM.Collect$$libinit$$00000025  c_w.l(libinit2.o)
    0x08000250   0x08000250   0x00000000   Code   RO         1684    .ARM.Collect$$libinit$$0000002C  c_w.l(libinit2.o)
    0x08000250   0x08000250   0x00000000   Code   RO         1686    .ARM.Collect$$libinit$$0000002E  c_w.l(libinit2.o)
    0x08000250   0x08000250   0x00000000   Code   RO         1688    .ARM.Collect$$libinit$$00000030  c_w.l(libinit2.o)
    0x08000250   0x08000250   0x00000000   Code   RO         1690    .ARM.Collect$$libinit$$00000032  c_w.l(libinit2.o)
    0x08000250   0x08000250   0x00000002   Code   RO         1691    .ARM.Collect$$libinit$$00000033  c_w.l(libinit2.o)
    0x08000252   0x08000252   0x00000002   Code   RO         1726    .ARM.Collect$$libshutdown$$00000000  c_w.l(libshutdown.o)
    0x08000254   0x08000254   0x00000000   Code   RO         1754    .ARM.Collect$$libshutdown$$00000002  c_w.l(libshutdown2.o)
    0x08000254   0x08000254   0x00000000   Code   RO         1756    .ARM.Collect$$libshutdown$$00000004  c_w.l(libshutdown2.o)
    0x08000254   0x08000254   0x00000000   Code   RO         1759    .ARM.Collect$$libshutdown$$00000007  c_w.l(libshutdown2.o)
    0x08000254   0x08000254   0x00000000   Code   RO         1762    .ARM.Collect$$libshutdown$$0000000A  c_w.l(libshutdown2.o)
    0x08000254   0x08000254   0x00000000   Code   RO         1764    .ARM.Collect$$libshutdown$$0000000C  c_w.l(libshutdown2.o)
    0x08000254   0x08000254   0x00000000   Code   RO         1767    .ARM.Collect$$libshutdown$$0000000F  c_w.l(libshutdown2.o)
    0x08000254   0x08000254   0x00000002   Code   RO         1768    .ARM.Collect$$libshutdown$$00000010  c_w.l(libshutdown2.o)
    0x08000256   0x08000256   0x00000000   Code   RO         1591    .ARM.Collect$$rtentry$$00000000  c_w.l(__rtentry.o)
    0x08000256   0x08000256   0x00000000   Code   RO         1606    .ARM.Collect$$rtentry$$00000002  c_w.l(__rtentry2.o)
    0x08000256   0x08000256   0x00000006   Code   RO         1618    .ARM.Collect$$rtentry$$00000004  c_w.l(__rtentry4.o)
    0x0800025c   0x0800025c   0x00000008   Code   RO         1607    .ARM.Collect$$rtentry$$00000008  c_w.l(__rtentry2.o)
    0x08000264   0x08000264   0x00000004   Code   RO         1609    .ARM.Collect$$rtentry$$0000000A  c_w.l(__rtentry2.o)
    0x08000268   0x08000268   0x00000000   Code   RO         1611    .ARM.Collect$$rtentry$$0000000C  c_w.l(__rtentry2.o)
    0x08000268   0x08000268   0x00000008   Code   RO         1612    .ARM.Collect$$rtentry$$0000000D  c_w.l(__rtentry2.o)
    0x08000270   0x08000270   0x00000002   Code   RO         1639    .ARM.Collect$$rtexit$$00000000  c_w.l(rtexit.o)
    0x08000272   0x08000272   0x00000000   Code   RO         1697    .ARM.Collect$$rtexit$$00000002  c_w.l(rtexit2.o)
    0x08000272   0x08000272   0x00000004   Code   RO         1698    .ARM.Collect$$rtexit$$00000003  c_w.l(rtexit2.o)
    0x08000276   0x08000276   0x00000006   Code   RO         1699    .ARM.Collect$$rtexit$$00000004  c_w.l(rtexit2.o)
    0x0800027c   0x0800027c   0x00000040   Code   RO          930  * .text               startup_stm32f429xx.o
    0x080002bc   0x080002bc   0x000000c8   Code   RO         1433    .text               RTX_CM4F.lib(irq_armv7m.o)
    0x08000384   0x08000384   0x000000f0   Code   RO         1549    .text               c_w.l(lludivv7m.o)
    0x08000474   0x08000474   0x00000028   Code   RO         1553    .text               c_w.l(noretval__2sprintf.o)
    0x0800049c   0x0800049c   0x00000068   Code   RO         1555    .text               c_w.l(__printf.o)
    0x08000504   0x08000504   0x00000078   Code   RO         1557    .text               c_w.l(_printf_dec.o)
    0x0800057c   0x0800057c   0x0000008a   Code   RO         1581    .text               c_w.l(rt_memcpy_v6.o)
    0x08000606   0x08000606   0x00000044   Code   RO         1583    .text               c_w.l(rt_memclr.o)
    0x0800064a   0x0800064a   0x0000004e   Code   RO         1585    .text               c_w.l(rt_memclr_w.o)
    0x08000698   0x08000698   0x00000006   Code   RO         1587    .text               c_w.l(heapauxi.o)
    0x0800069e   0x0800069e   0x000000b2   Code   RO         1596    .text               c_w.l(_printf_intcommon.o)
    0x08000750   0x08000750   0x00000030   Code   RO         1598    .text               c_w.l(_printf_char_common.o)
    0x08000780   0x08000780   0x0000000a   Code   RO         1600    .text               c_w.l(_sputc.o)
    0x0800078a   0x0800078a   0x00000064   Code   RO         1603    .text               c_w.l(rt_memcpy_w.o)
    0x080007ee   0x080007ee   0x0000004a   Code   RO         1624    .text               c_w.l(sys_stackheap_outer.o)
    0x08000838   0x08000838   0x00000012   Code   RO         1626    .text               c_w.l(exit.o)
    0x0800084a   0x0800084a   0x00000002   PAD
    0x0800084c   0x0800084c   0x00000008   Code   RO         1636    .text               c_w.l(libspace.o)
    0x08000854   0x08000854   0x0000000c   Code   RO         1692    .text               c_w.l(sys_exit.o)
    0x08000860   0x08000860   0x00000002   Code   RO         1715    .text               c_w.l(use_no_semi.o)
    0x08000862   0x08000862   0x00000000   Code   RO         1717    .text               c_w.l(indicate_semi.o)
    0x08000862   0x08000862   0x00000002   PAD
    0x08000864   0x08000864   0x00000002   Code   RO           78    .text.BusFault_Handler  stm32f4xx_it.o
    0x08000866   0x08000866   0x00000002   PAD
    0x08000868   0x08000868   0x00000002   Code   RO           82    .text.DebugMon_Handler  stm32f4xx_it.o
    0x0800086a   0x0800086a   0x00000002   PAD
    0x0800086c   0x0800086c   0x00000012   Code   RO          225    .text.Disable_SPI_Clock  spi_stm32f4xx.o
    0x0800087e   0x0800087e   0x00000002   PAD
    0x08000880   0x08000880   0x0000002c   Code   RO           68    .text.EXTI15_10_IRQHandler  stm32f4xx_it.o
    0x080008ac   0x080008ac   0x00000024   Code   RO          215    .text.Enable_GPIO_Clock  spi_stm32f4xx.o
    0x080008d0   0x080008d0   0x00000024   Code   RO          227    .text.Enable_SPI_Clock  spi_stm32f4xx.o
    0x080008f4   0x080008f4   0x00000028   Code   RO          279    .text.HAL_Delay     stm32f4xx_hal.o
    0x0800091c   0x0800091c   0x00000106   Code   RO          456    .text.HAL_GPIO_DeInit  stm32f4xx_hal_gpio.o
    0x08000a22   0x08000a22   0x00000002   PAD
    0x08000a24   0x08000a24   0x00000014   Code   RO           70    .text.HAL_GPIO_EXTI_Callback  stm32f4xx_it.o
    0x08000a38   0x08000a38   0x0000001a   Code   RO          466    .text.HAL_GPIO_EXTI_IRQHandler  stm32f4xx_hal_gpio.o
    0x08000a52   0x08000a52   0x00000002   PAD
    0x08000a54   0x08000a54   0x0000019a   Code   RO          454    .text.HAL_GPIO_Init  stm32f4xx_hal_gpio.o
    0x08000bee   0x08000bee   0x00000002   PAD
    0x08000bf0   0x08000bf0   0x0000000a   Code   RO          458    .text.HAL_GPIO_ReadPin  stm32f4xx_hal_gpio.o
    0x08000bfa   0x08000bfa   0x00000002   PAD
    0x08000bfc   0x08000bfc   0x0000000a   Code   RO          460    .text.HAL_GPIO_WritePin  stm32f4xx_hal_gpio.o
    0x08000c06   0x08000c06   0x00000002   PAD
    0x08000c08   0x08000c08   0x0000000e   Code   RO          287    .text.HAL_GetREVID  stm32f4xx_hal.o
    0x08000c16   0x08000c16   0x00000002   PAD
    0x08000c18   0x08000c18   0x00000050   Code   RO            2    .text.HAL_GetTick   main.o
    0x08000c68   0x08000c68   0x0000002e   Code   RO          259    .text.HAL_Init      stm32f4xx_hal.o
    0x08000c96   0x08000c96   0x00000002   PAD
    0x08000c98   0x08000c98   0x00000050   Code   RO          261    .text.HAL_InitTick  stm32f4xx_hal.o
    0x08000ce8   0x08000ce8   0x00000002   Code   RO          263    .text.HAL_MspInit   stm32f4xx_hal.o
    0x08000cea   0x08000cea   0x00000002   PAD
    0x08000cec   0x08000cec   0x00000008   Code   RO          344    .text.HAL_NVIC_DisableIRQ  stm32f4xx_hal_cortex.o
    0x08000cf4   0x08000cf4   0x00000008   Code   RO          340    .text.HAL_NVIC_EnableIRQ  stm32f4xx_hal_cortex.o
    0x08000cfc   0x08000cfc   0x0000001e   Code   RO          332    .text.HAL_NVIC_SetPriority  stm32f4xx_hal_cortex.o
    0x08000d1a   0x08000d1a   0x00000002   PAD
    0x08000d1c   0x08000d1c   0x00000008   Code   RO          328    .text.HAL_NVIC_SetPriorityGrouping  stm32f4xx_hal_cortex.o
    0x08000d24   0x08000d24   0x00000160   Code   RO          550    .text.HAL_RCC_ClockConfig  stm32f4xx_hal_rcc.o
    0x08000e84   0x08000e84   0x0000000c   Code   RO          560    .text.HAL_RCC_GetHCLKFreq  stm32f4xx_hal_rcc.o
    0x08000e90   0x08000e90   0x00000022   Code   RO          564    .text.HAL_RCC_GetPCLK2Freq  stm32f4xx_hal_rcc.o
    0x08000eb2   0x08000eb2   0x00000002   PAD
    0x08000eb4   0x08000eb4   0x0000006a   Code   RO          552    .text.HAL_RCC_GetSysClockFreq  stm32f4xx_hal_rcc.o
    0x08000f1e   0x08000f1e   0x00000002   PAD
    0x08000f20   0x08000f20   0x00000334   Code   RO          548    .text.HAL_RCC_OscConfig  stm32f4xx_hal_rcc.o
    0x08001254   0x08001254   0x00000008   Code   RO          352    .text.HAL_SYSTICK_Config  stm32f4xx_hal_cortex.o
    0x0800125c   0x0800125c   0x00000002   Code   RO           74    .text.HardFault_Handler  stm32f4xx_it.o
    0x0800125e   0x0800125e   0x00000002   PAD
    0x08001260   0x08001260   0x0000002c   Code   RO           92    .text.Init_Lector   lector.o
    0x0800128c   0x0800128c   0x00000040   Code   RO           37    .text.Init_ThJoy    thjoy.o
    0x080012cc   0x080012cc   0x0000002c   Code   RO           18    .text.Init_Thleds   thleds.o
    0x080012f8   0x080012f8   0x0000004c   Code   RO          114    .text.LCD_init      lcd.o
    0x08001344   0x08001344   0x00000014   Code   RO          122    .text.LCD_limpiarBuffer  lcd.o
    0x08001358   0x08001358   0x000000f0   Code   RO          108    .text.LCD_reset     lcd.o
    0x08001448   0x08001448   0x0000009a   Code   RO          116    .text.LCD_update    lcd.o
    0x080014e2   0x080014e2   0x00000002   PAD
    0x080014e4   0x080014e4   0x0000005a   Code   RO          112    .text.LCD_wr_cmd    lcd.o
    0x0800153e   0x0800153e   0x00000002   PAD
    0x08001540   0x08001540   0x0000005a   Code   RO          110    .text.LCD_wr_data   lcd.o
    0x0800159a   0x0800159a   0x00000002   PAD
    0x0800159c   0x0800159c   0x00000030   Code   RO          120    .text.LCD_writeLine  lcd.o
    0x080015cc   0x080015cc   0x0000007c   Code   RO           94    .text.Lector        lector.o
    0x08001648   0x08001648   0x00000002   Code   RO           76    .text.MemManage_Handler  stm32f4xx_it.o
    0x0800164a   0x0800164a   0x00000040   Code   RO         1416    .text.MessageQueueGet  RTX_CM4F.lib(rtx_msgqueue.o)
    0x0800168a   0x0800168a   0x00000058   Code   RO         1410    .text.MessageQueuePut  RTX_CM4F.lib(rtx_msgqueue.o)
    0x080016e2   0x080016e2   0x0000001c   Code   RO         1408    .text.MessageQueueRemove  RTX_CM4F.lib(rtx_msgqueue.o)
    0x080016fe   0x080016fe   0x00000002   PAD
    0x08001700   0x08001700   0x00000002   Code   RO           72    .text.NMI_Handler   stm32f4xx_it.o
    0x08001702   0x08001702   0x00000002   PAD
    0x08001704   0x08001704   0x0000002c   Code   RO          338    .text.NVIC_EncodePriority  stm32f4xx_hal_cortex.o
    0x08001730   0x08001730   0x00000008   Code   RO         1527    .text.OS_Tick_AcknowledgeIRQ  RTX_CM4F.lib(os_systick.o)
    0x08001738   0x08001738   0x00000024   Code   RO         1523    .text.OS_Tick_Enable  RTX_CM4F.lib(os_systick.o)
    0x0800175c   0x0800175c   0x00000006   Code   RO         1529    .text.OS_Tick_GetIRQn  RTX_CM4F.lib(os_systick.o)
    0x08001762   0x08001762   0x00000002   PAD
    0x08001764   0x08001764   0x00000040   Code   RO         1521    .text.OS_Tick_Setup  RTX_CM4F.lib(os_systick.o)
    0x080017a4   0x080017a4   0x0000000c   Code   RO         1136    .text.OUTLINED_FUNCTION_0  RTX_CM4F.lib(rtx_kernel.o)
    0x080017b0   0x080017b0   0x00000006   Code   RO         1278    .text.OUTLINED_FUNCTION_0  RTX_CM4F.lib(rtx_thread.o)
    0x080017b6   0x080017b6   0x0000000c   Code   RO         1424    .text.OUTLINED_FUNCTION_0  RTX_CM4F.lib(rtx_msgqueue.o)
    0x080017c2   0x080017c2   0x00000006   Code   RO         1138    .text.OUTLINED_FUNCTION_1  RTX_CM4F.lib(rtx_kernel.o)
    0x080017c8   0x080017c8   0x00000008   Code   RO          205    .text.SPI1_Control  spi_stm32f4xx.o
    0x080017d0   0x080017d0   0x00000008   Code   RO          203    .text.SPI1_GetDataCount  spi_stm32f4xx.o
    0x080017d8   0x080017d8   0x00000008   Code   RO          207    .text.SPI1_GetStatus  spi_stm32f4xx.o
    0x080017e0   0x080017e0   0x00000008   Code   RO          183    .text.SPI1_IRQHandler  spi_stm32f4xx.o
    0x080017e8   0x080017e8   0x0000000a   Code   RO          191    .text.SPI1_Initialize  spi_stm32f4xx.o
    0x080017f2   0x080017f2   0x00000002   PAD
    0x080017f4   0x080017f4   0x00000008   Code   RO          195    .text.SPI1_PowerControl  spi_stm32f4xx.o
    0x080017fc   0x080017fc   0x00000008   Code   RO          199    .text.SPI1_Receive  spi_stm32f4xx.o
    0x08001804   0x08001804   0x00000008   Code   RO          197    .text.SPI1_Send     spi_stm32f4xx.o
    0x0800180c   0x0800180c   0x00000008   Code   RO          201    .text.SPI1_Transfer  spi_stm32f4xx.o
    0x08001814   0x08001814   0x0000000a   Code   RO          193    .text.SPI1_Uninitialize  spi_stm32f4xx.o
    0x0800181e   0x0800181e   0x00000002   PAD
    0x08001820   0x08001820   0x00000004   Code   RO          189    .text.SPIX_GetCapabilities  spi_stm32f4xx.o
    0x08001824   0x08001824   0x0000000a   Code   RO          187    .text.SPIX_GetVersion  spi_stm32f4xx.o
    0x0800182e   0x0800182e   0x00000002   PAD
    0x08001830   0x08001830   0x000002d8   Code   RO          221    .text.SPI_Control   spi_stm32f4xx.o
    0x08001b08   0x08001b08   0x0000000c   Code   RO          239    .text.SPI_GetDataCount  spi_stm32f4xx.o
    0x08001b14   0x08001b14   0x00000028   Code   RO          241    .text.SPI_GetStatus  spi_stm32f4xx.o
    0x08001b3c   0x08001b3c   0x000000f0   Code   RO          185    .text.SPI_IRQHandler  spi_stm32f4xx.o
    0x08001c2c   0x08001c2c   0x000000a0   Code   RO          213    .text.SPI_Initialize  spi_stm32f4xx.o
    0x08001ccc   0x08001ccc   0x00000022   Code   RO          223    .text.SPI_PeripheralReset  spi_stm32f4xx.o
    0x08001cee   0x08001cee   0x00000002   PAD
    0x08001cf0   0x08001cf0   0x000000c2   Code   RO          219    .text.SPI_PowerControl  spi_stm32f4xx.o
    0x08001db2   0x08001db2   0x00000002   PAD
    0x08001db4   0x08001db4   0x00000082   Code   RO          235    .text.SPI_Receive   spi_stm32f4xx.o
    0x08001e36   0x08001e36   0x00000002   PAD
    0x08001e38   0x08001e38   0x0000005a   Code   RO          209    .text.SPI_RxData    spi_stm32f4xx.o
    0x08001e92   0x08001e92   0x00000002   PAD
    0x08001e94   0x08001e94   0x00000082   Code   RO          233    .text.SPI_Send      spi_stm32f4xx.o
    0x08001f16   0x08001f16   0x00000002   PAD
    0x08001f18   0x08001f18   0x0000003a   Code   RO          237    .text.SPI_Transfer  spi_stm32f4xx.o
    0x08001f52   0x08001f52   0x00000002   PAD
    0x08001f54   0x08001f54   0x0000005c   Code   RO          211    .text.SPI_TxData    spi_stm32f4xx.o
    0x08001fb0   0x08001fb0   0x00000032   Code   RO          217    .text.SPI_Uninitialize  spi_stm32f4xx.o
    0x08001fe2   0x08001fe2   0x00000002   PAD
    0x08001fe4   0x08001fe4   0x0000002e   Code   RO          354    .text.SysTick_Config  stm32f4xx_hal_cortex.o
    0x08002012   0x08002012   0x00000002   PAD
    0x08002014   0x08002014   0x0000009e   Code   RO            6    .text.SystemClock_Config  main.o
    0x080020b2   0x080020b2   0x00000002   PAD
    0x080020b4   0x080020b4   0x0000007e   Code   RO          939    .text.SystemCoreClockUpdate  system_stm32f4xx.o
    0x08002132   0x08002132   0x00000002   PAD
    0x08002134   0x08002134   0x0000001a   Code   RO          937    .text.SystemInit    system_stm32f4xx.o
    0x0800214e   0x0800214e   0x00000002   PAD
    0x08002150   0x08002150   0x00000122   Code   RO           39    .text.ThJoy         thjoy.o
    0x08002272   0x08002272   0x00000002   PAD
    0x08002274   0x08002274   0x00000122   Code   RO           20    .text.Thleds        thleds.o
    0x08002396   0x08002396   0x00000064   Code   RO         1230    .text.ThreadFlagsCheck  RTX_CM4F.lib(rtx_thread.o)
    0x080023fa   0x080023fa   0x00000002   PAD
    0x080023fc   0x080023fc   0x0000012c   Code   RO           41    .text.Timer1_Callback  thjoy.o
    0x08002528   0x08002528   0x00000044   Code   RO         1314    .text.TimerInsert   RTX_CM4F.lib(rtx_timer.o)
    0x0800256c   0x0800256c   0x00000024   Code   RO         1322    .text.TimerRemove   RTX_CM4F.lib(rtx_timer.o)
    0x08002590   0x08002590   0x00000002   Code   RO           80    .text.UsageFault_Handler  stm32f4xx_it.o
    0x08002592   0x08002592   0x00000002   PAD
    0x08002594   0x08002594   0x0000000e   Code   RO          229    .text.__NVIC_ClearPendingIRQ  spi_stm32f4xx.o
    0x080025a2   0x080025a2   0x00000002   PAD
    0x080025a4   0x080025a4   0x00000028   Code   RO          346    .text.__NVIC_DisableIRQ  stm32f4xx_hal_cortex.o
    0x080025cc   0x080025cc   0x0000000e   Code   RO          231    .text.__NVIC_EnableIRQ  spi_stm32f4xx.o
    0x080025da   0x080025da   0x00000002   PAD
    0x080025dc   0x080025dc   0x00000020   Code   RO          342    .text.__NVIC_EnableIRQ  stm32f4xx_hal_cortex.o
    0x080025fc   0x080025fc   0x00000010   Code   RO          334    .text.__NVIC_GetPriorityGrouping  stm32f4xx_hal_cortex.o
    0x0800260c   0x0800260c   0x00000022   Code   RO          336    .text.__NVIC_SetPriority  stm32f4xx_hal_cortex.o
    0x0800262e   0x0800262e   0x00000002   PAD
    0x08002630   0x08002630   0x00000020   Code   RO          330    .text.__NVIC_SetPriorityGrouping  stm32f4xx_hal_cortex.o
    0x08002650   0x08002650   0x0000001a   Code   RO          144    .text._mutex_acquire  rtx_lib.o
    0x0800266a   0x0800266a   0x00000002   PAD
    0x0800266c   0x0800266c   0x0000000a   Code   RO          148    .text._mutex_free   rtx_lib.o
    0x08002676   0x08002676   0x00000002   PAD
    0x08002678   0x08002678   0x00000020   Code   RO          142    .text._mutex_initialize  rtx_lib.o
    0x08002698   0x08002698   0x00000016   Code   RO          146    .text._mutex_release  rtx_lib.o
    0x080026ae   0x080026ae   0x00000002   PAD
    0x080026b0   0x080026b0   0x00000008   Code   RO          136    .text._platform_post_stackheap_init  rtx_lib.o
    0x080026b8   0x080026b8   0x00000022   Code   RO            4    .text.main          main.o
    0x080026da   0x080026da   0x00000002   PAD
    0x080026dc   0x080026dc   0x0000002c   Code   RO         1088    .text.osKernelGetState  RTX_CM4F.lib(rtx_kernel.o)
    0x08002708   0x08002708   0x00000028   Code   RO         1104    .text.osKernelGetTickCount  RTX_CM4F.lib(rtx_kernel.o)
    0x08002730   0x08002730   0x0000002c   Code   RO         1082    .text.osKernelInitialize  RTX_CM4F.lib(rtx_kernel.o)
    0x0800275c   0x0800275c   0x00000024   Code   RO         1092    .text.osKernelStart  RTX_CM4F.lib(rtx_kernel.o)
    0x08002780   0x08002780   0x00000070   Code   RO         1384    .text.osMessageQueueGet  RTX_CM4F.lib(rtx_msgqueue.o)
    0x080027f0   0x080027f0   0x00000030   Code   RO         1394    .text.osMessageQueueGetCount  RTX_CM4F.lib(rtx_msgqueue.o)
    0x08002820   0x08002820   0x00000024   Code   RO         1378    .text.osMessageQueueNew  RTX_CM4F.lib(rtx_msgqueue.o)
    0x08002844   0x08002844   0x00000080   Code   RO         1382    .text.osMessageQueuePut  RTX_CM4F.lib(rtx_msgqueue.o)
    0x080028c4   0x080028c4   0x00000024   Code   RO         1346    .text.osMutexAcquire  RTX_CM4F.lib(rtx_mutex.o)
    0x080028e8   0x080028e8   0x00000024   Code   RO         1352    .text.osMutexDelete  RTX_CM4F.lib(rtx_mutex.o)
    0x0800290c   0x0800290c   0x00000024   Code   RO         1342    .text.osMutexNew    RTX_CM4F.lib(rtx_mutex.o)
    0x08002930   0x08002930   0x00000024   Code   RO         1348    .text.osMutexRelease  RTX_CM4F.lib(rtx_mutex.o)
    0x08002954   0x08002954   0x00000002   Code   RO          174    .text.osRtxErrorNotify  rtx_config.o
    0x08002956   0x08002956   0x00000002   PAD
    0x08002958   0x08002958   0x00000002   Code   RO          172    .text.osRtxIdleThread  rtx_config.o
    0x0800295a   0x0800295a   0x00000004   Code   RO         1080    .text.osRtxKernelErrorNotify  RTX_CM4F.lib(rtx_kernel.o)
    0x0800295e   0x0800295e   0x00000002   Code   RO         1078    .text.osRtxKernelPreInit  RTX_CM4F.lib(rtx_kernel.o)
    0x08002960   0x08002960   0x0000006c   Code   RO         1443    .text.osRtxMemoryAlloc  RTX_CM4F.lib(rtx_memory.o)
    0x080029cc   0x080029cc   0x00000042   Code   RO         1445    .text.osRtxMemoryFree  RTX_CM4F.lib(rtx_memory.o)
    0x08002a0e   0x08002a0e   0x00000036   Code   RO         1441    .text.osRtxMemoryInit  RTX_CM4F.lib(rtx_memory.o)
    0x08002a44   0x08002a44   0x0000003a   Code   RO         1457    .text.osRtxMemoryPoolAlloc  RTX_CM4F.lib(rtx_mempool.o)
    0x08002a7e   0x08002a7e   0x0000004a   Code   RO         1459    .text.osRtxMemoryPoolFree  RTX_CM4F.lib(rtx_mempool.o)
    0x08002ac8   0x08002ac8   0x00000038   Code   RO         1455    .text.osRtxMemoryPoolInit  RTX_CM4F.lib(rtx_mempool.o)
    0x08002b00   0x08002b00   0x000000aa   Code   RO         1406    .text.osRtxMessageQueuePostProcess  RTX_CM4F.lib(rtx_msgqueue.o)
    0x08002baa   0x08002baa   0x00000002   PAD
    0x08002bac   0x08002bac   0x00000024   Code   RO         1374    .text.osRtxMessageQueueTimerSetup  RTX_CM4F.lib(rtx_msgqueue.o)
    0x08002bd0   0x08002bd0   0x00000048   Code   RO         1338    .text.osRtxMutexOwnerRelease  RTX_CM4F.lib(rtx_mutex.o)
    0x08002c18   0x08002c18   0x00000042   Code   RO         1340    .text.osRtxMutexOwnerRestore  RTX_CM4F.lib(rtx_mutex.o)
    0x08002c5a   0x08002c5a   0x00000002   PAD
    0x08002c5c   0x08002c5c   0x00000088   Code   RO         1509    .text.osRtxPendSV_Handler  RTX_CM4F.lib(rtx_system.o)
    0x08002ce4   0x08002ce4   0x00000070   Code   RO         1511    .text.osRtxPostProcess  RTX_CM4F.lib(rtx_system.o)
    0x08002d54   0x08002d54   0x00000034   Code   RO         1170    .text.osRtxThreadBlock  RTX_CM4F.lib(rtx_thread.o)
    0x08002d88   0x08002d88   0x0000007c   Code   RO         1178    .text.osRtxThreadDelayInsert  RTX_CM4F.lib(rtx_thread.o)
    0x08002e04   0x08002e04   0x0000003c   Code   RO         1174    .text.osRtxThreadDelayRemove  RTX_CM4F.lib(rtx_thread.o)
    0x08002e40   0x08002e40   0x00000048   Code   RO         1160    .text.osRtxThreadDelayTick  RTX_CM4F.lib(rtx_thread.o)
    0x08002e88   0x08002e88   0x00000020   Code   RO         1262    .text.osRtxThreadDestroy  RTX_CM4F.lib(rtx_thread.o)
    0x08002ea8   0x08002ea8   0x00000050   Code   RO         1168    .text.osRtxThreadDispatch  RTX_CM4F.lib(rtx_thread.o)
    0x08002ef8   0x08002ef8   0x00000058   Code   RO         1254    .text.osRtxThreadFree  RTX_CM4F.lib(rtx_thread.o)
    0x08002f50   0x08002f50   0x0000001e   Code   RO         1260    .text.osRtxThreadJoinWakeup  RTX_CM4F.lib(rtx_thread.o)
    0x08002f6e   0x08002f6e   0x00000012   Code   RO         1152    .text.osRtxThreadListGet  RTX_CM4F.lib(rtx_thread.o)
    0x08002f80   0x08002f80   0x0000002c   Code   RO         1150    .text.osRtxThreadListPut  RTX_CM4F.lib(rtx_thread.o)
    0x08002fac   0x08002fac   0x00000014   Code   RO         1156    .text.osRtxThreadListRemove  RTX_CM4F.lib(rtx_thread.o)
    0x08002fc0   0x08002fc0   0x0000000c   Code   RO         1162    .text.osRtxThreadListRoot  RTX_CM4F.lib(rtx_thread.o)
    0x08002fcc   0x08002fcc   0x00000026   Code   RO         1154    .text.osRtxThreadListSort  RTX_CM4F.lib(rtx_thread.o)
    0x08002ff2   0x08002ff2   0x00000028   Code   RO         1228    .text.osRtxThreadPostProcess  RTX_CM4F.lib(rtx_thread.o)
    0x0800301a   0x0800301a   0x00000002   PAD
    0x0800301c   0x0800301c   0x00000014   Code   RO         1158    .text.osRtxThreadReadyPut  RTX_CM4F.lib(rtx_thread.o)
    0x08003030   0x08003030   0x00000014   Code   RO         1164    .text.osRtxThreadRegPtr  RTX_CM4F.lib(rtx_thread.o)
    0x08003044   0x08003044   0x00000038   Code   RO         1180    .text.osRtxThreadStartup  RTX_CM4F.lib(rtx_thread.o)
    0x0800307c   0x0800307c   0x0000000c   Code   RO         1166    .text.osRtxThreadSwitch  RTX_CM4F.lib(rtx_thread.o)
    0x08003088   0x08003088   0x0000003c   Code   RO         1176    .text.osRtxThreadWaitEnter  RTX_CM4F.lib(rtx_thread.o)
    0x080030c4   0x080030c4   0x00000030   Code   RO         1172    .text.osRtxThreadWaitExit  RTX_CM4F.lib(rtx_thread.o)
    0x080030f4   0x080030f4   0x00000078   Code   RO         1507    .text.osRtxTick_Handler  RTX_CM4F.lib(rtx_system.o)
    0x0800316c   0x0800316c   0x00000020   Code   RO         1296    .text.osRtxTimerSetup  RTX_CM4F.lib(rtx_timer.o)
    0x0800318c   0x0800318c   0x00000020   Code   RO         1300    .text.osRtxTimerThread  RTX_CM4F.lib(rtx_timer.o)
    0x080031ac   0x080031ac   0x00000070   Code   RO         1298    .text.osRtxTimerTick  RTX_CM4F.lib(rtx_timer.o)
    0x0800321c   0x0800321c   0x0000000c   Code   RO         1212    .text.osThreadExit  RTX_CM4F.lib(rtx_thread.o)
    0x08003228   0x08003228   0x00000058   Code   RO         1220    .text.osThreadFlagsSet  RTX_CM4F.lib(rtx_thread.o)
    0x08003280   0x08003280   0x00000024   Code   RO         1226    .text.osThreadFlagsWait  RTX_CM4F.lib(rtx_thread.o)
    0x080032a4   0x080032a4   0x00000024   Code   RO         1184    .text.osThreadNew   RTX_CM4F.lib(rtx_thread.o)
    0x080032c8   0x080032c8   0x00000024   Code   RO         1302    .text.osTimerNew    RTX_CM4F.lib(rtx_timer.o)
    0x080032ec   0x080032ec   0x00000024   Code   RO         1306    .text.osTimerStart  RTX_CM4F.lib(rtx_timer.o)
    0x08003310   0x08003310   0x0000001e   Code   RO          140    .text.os_kernel_is_active  rtx_lib.o
    0x0800332e   0x0800332e   0x00000002   PAD
    0x08003330   0x08003330   0x00000008   Code   RO         1090    .text.svcRtxKernelGetState  RTX_CM4F.lib(rtx_kernel.o)
    0x08003338   0x08003338   0x0000000c   Code   RO         1106    .text.svcRtxKernelGetTickCount  RTX_CM4F.lib(rtx_kernel.o)
    0x08003344   0x08003344   0x000000fc   Code   RO         1120    .text.svcRtxKernelInitialize  RTX_CM4F.lib(rtx_kernel.o)
    0x08003440   0x08003440   0x00000088   Code   RO         1122    .text.svcRtxKernelStart  RTX_CM4F.lib(rtx_kernel.o)
    0x080034c8   0x080034c8   0x000000d8   Code   RO         1418    .text.svcRtxMessageQueueGet  RTX_CM4F.lib(rtx_msgqueue.o)
    0x080035a0   0x080035a0   0x00000010   Code   RO         1396    .text.svcRtxMessageQueueGetCount  RTX_CM4F.lib(rtx_msgqueue.o)
    0x080035b0   0x080035b0   0x00000118   Code   RO         1376    .text.svcRtxMessageQueueNew  RTX_CM4F.lib(rtx_msgqueue.o)
    0x080036c8   0x080036c8   0x000000b0   Code   RO         1414    .text.svcRtxMessageQueuePut  RTX_CM4F.lib(rtx_msgqueue.o)
    0x08003778   0x08003778   0x00000090   Code   RO         1358    .text.svcRtxMutexAcquire  RTX_CM4F.lib(rtx_mutex.o)
    0x08003808   0x08003808   0x000000ac   Code   RO         1364    .text.svcRtxMutexDelete  RTX_CM4F.lib(rtx_mutex.o)
    0x080038b4   0x080038b4   0x00000068   Code   RO         1354    .text.svcRtxMutexNew  RTX_CM4F.lib(rtx_mutex.o)
    0x0800391c   0x0800391c   0x000000b4   Code   RO         1360    .text.svcRtxMutexRelease  RTX_CM4F.lib(rtx_mutex.o)
    0x080039d0   0x080039d0   0x0000004c   Code   RO         1258    .text.svcRtxThreadExit  RTX_CM4F.lib(rtx_thread.o)
    0x08003a1c   0x08003a1c   0x00000066   Code   RO         1270    .text.svcRtxThreadFlagsSet  RTX_CM4F.lib(rtx_thread.o)
    0x08003a82   0x08003a82   0x00000002   PAD
    0x08003a84   0x08003a84   0x0000004c   Code   RO         1276    .text.svcRtxThreadFlagsWait  RTX_CM4F.lib(rtx_thread.o)
    0x08003ad0   0x08003ad0   0x000001ec   Code   RO         1182    .text.svcRtxThreadNew  RTX_CM4F.lib(rtx_thread.o)
    0x08003cbc   0x08003cbc   0x00000074   Code   RO         1316    .text.svcRtxTimerNew  RTX_CM4F.lib(rtx_timer.o)
    0x08003d30   0x08003d30   0x00000048   Code   RO         1320    .text.svcRtxTimerStart  RTX_CM4F.lib(rtx_timer.o)
    0x08003d78   0x08003d78   0x00000062   Code   RO          118    .text.symbolToLocalBuffer  lcd.o
    0x08003dda   0x08003dda   0x0000001a   Code   RO         1709    x$fpl$fpinit        fz_wm.l(fpinit.o)
    0x08003df4   0x08003df4   0x000000a8   Data   RO          154    .rodata             rtx_lib.o
    0x08003e9c   0x08003e9c   0x00000010   Data   RO          942    .rodata.AHBPrescTable  system_stm32f4xx.o
    0x08003eac   0x08003eac   0x00000008   Data   RO          943    .rodata.APBPrescTable  system_stm32f4xx.o
    0x08003eb4   0x08003eb4   0x00000960   Data   RO          124    .rodata.Arial12x12  lcd.o
    0x08004814   0x08004814   0x0000002c   Data   RO          243    .rodata.Driver_SPI1  spi_stm32f4xx.o
    0x08004840   0x08004840   0x00000004   Data   RO          156    .rodata.osRtxUserSVC  rtx_lib.o
    0x08004844   0x08004844   0x00000024   Data   RO          151    .rodata.os_idle_thread_attr  rtx_lib.o
    0x08004868   0x08004868   0x00000018   Data   RO          153    .rodata.os_timer_mq_attr  rtx_lib.o
    0x08004880   0x08004880   0x00000024   Data   RO          152    .rodata.os_timer_thread_attr  rtx_lib.o
    0x080048a4   0x080048a4   0x0000000b   Data   RO         1140    .rodata.str1.4      RTX_CM4F.lib(rtx_kernel.o)
    0x080048af   0x080048af   0x00000001   PAD
    0x080048b0   0x080048b0   0x00000020   Data   RO         1770    Region$$Table       anon$$obj.o


    Execution Region ER_RW (Exec base: 0x20000000, Load base: 0x080048d0, Size: 0x00000154, Max: 0xffffffff, ABSOLUTE, COMPRESSED[0x00000050])

    Exec Addr    Load Addr    Size         Type   Attr      Idx    E Section Name        Object

    0x20000000   COMPRESSED   0x00000004   Data   RW          125    .data.SPIdrv        lcd.o
    0x20000004   COMPRESSED   0x00000004   Data   RW          941    .data.SystemCoreClock  system_stm32f4xx.o
    0x20000008   COMPRESSED   0x00000014   Data   RW           51    .data.joy_abajo     thjoy.o
    0x2000001c   COMPRESSED   0x00000014   Data   RW           50    .data.joy_arriba    thjoy.o
    0x20000030   COMPRESSED   0x00000014   Data   RW           52    .data.joy_centro    thjoy.o
    0x20000044   COMPRESSED   0x00000014   Data   RW           48    .data.joy_derecha   thjoy.o
    0x20000058   COMPRESSED   0x00000014   Data   RW           49    .data.joy_izquierda  thjoy.o
    0x2000006c   COMPRESSED   0x00000014   Data   RW           22    .data.led1          thleds.o
    0x20000080   COMPRESSED   0x00000014   Data   RW           23    .data.led2          thleds.o
    0x20000094   COMPRESSED   0x00000014   Data   RW           24    .data.led3          thleds.o
    0x200000a8   COMPRESSED   0x000000a4   Data   RW         1141    .data.os            RTX_CM4F.lib(rtx_kernel.o)
    0x2000014c   COMPRESSED   0x00000001   Data   RW          318    .data.uwTickFreq    stm32f4xx_hal.o
    0x2000014d   COMPRESSED   0x00000003   PAD
    0x20000150   COMPRESSED   0x00000004   Data   RW          317    .data.uwTickPrio    stm32f4xx_hal.o


    Execution Region ER_ZI (Exec base: 0x20000158, Load base: 0x08004920, Size: 0x00008f38, Max: 0xffffffff, ABSOLUTE)

    Exec Addr    Load Addr    Size         Type   Attr      Idx    E Section Name        Object

    0x20000158        -       0x00000060   Zero   RW         1637    .bss                c_w.l(libspace.o)
    0x200001b8        -       0x00000004   Zero   RW            8    .bss.HAL_GetTick.ticks  main.o
    0x200001bc        -       0x00000004   Zero   RW          245    .bss.SPI1_Info.0    spi_stm32f4xx.o
    0x200001c0        -       0x00000001   Zero   RW          248    .bss.SPI1_Info.1.0  spi_stm32f4xx.o
    0x200001c1   0x08004920   0x00000003   PAD
    0x200001c4        -       0x00000001   Zero   RW          249    .bss.SPI1_Info.1.1  spi_stm32f4xx.o
    0x200001c5   0x08004920   0x00000001   PAD
    0x200001c6        -       0x00000001   Zero   RW          250    .bss.SPI1_Info.1.2  spi_stm32f4xx.o
    0x200001c7   0x08004920   0x00000001   PAD
    0x200001c8        -       0x00000004   Zero   RW          246    .bss.SPI1_Info.2    spi_stm32f4xx.o
    0x200001cc        -       0x00000004   Zero   RW          247    .bss.SPI1_Info.3    spi_stm32f4xx.o
    0x200001d0        -       0x0000001c   Zero   RW          244    .bss.SPI1_TransferInfo  spi_stm32f4xx.o
    0x200001ec        -       0x00000200   Zero   RW          126    .bss.buffer         lcd.o
    0x200003ec        -       0x00000001   Zero   RW           46    .bss.cont_abajo     thjoy.o
    0x200003ed        -       0x00000001   Zero   RW           45    .bss.cont_arriba    thjoy.o
    0x200003ee        -       0x00000001   Zero   RW           47    .bss.cont_centro    thjoy.o
    0x200003ef        -       0x00000001   Zero   RW           43    .bss.cont_derecha   thjoy.o
    0x200003f0        -       0x00000001   Zero   RW           44    .bss.cont_izquierda  thjoy.o
    0x200003f1   0x08004920   0x00000003   PAD
    0x200003f4        -       0x00000004   Zero   RW           53    .bss.id_MsgQueue    thjoy.o
    0x200003f8        -       0x00000002   Zero   RW          127    .bss.index          lcd.o
    0x200003fa   0x08004920   0x00000006   PAD
    0x20000400        -       0x00008040   Zero   RW          150    .bss.os             rtx_lib.o
    0x20008440        -       0x00000001   Zero   RW         1539    .bss.os             RTX_CM4F.lib(os_systick.o)
    0x20008441   0x08004920   0x00000003   PAD
    0x20008444        -       0x00000034   Zero   RW          161    .bss.os.msgqueue.cb  rtx_lib.o
    0x20008478        -       0x00000050   Zero   RW          162    .bss.os.msgqueue.mem  rtx_lib.o
    0x200084c8        -       0x00000088   Zero   RW          158    .bss.os.thread.cb   rtx_lib.o
    0x20008550        -       0x00000200   Zero   RW          159    .bss.os.thread.idle.stack  rtx_lib.o
    0x20008750        -       0x00000200   Zero   RW          160    .bss.os.thread.timer.stack  rtx_lib.o
    0x20008950        -       0x00000001   Zero   RW          163    .bss.os_kernel_is_active.os_kernel_active  rtx_lib.o
    0x20008951   0x08004920   0x00000003   PAD
    0x20008954        -       0x00000020   Zero   RW           26    .bss.pinB0          thleds.o
    0x20008974        -       0x00000020   Zero   RW           56    .bss.pinB10         thjoy.o
    0x20008994        -       0x00000020   Zero   RW           55    .bss.pinB11         thjoy.o
    0x200089b4        -       0x00000020   Zero   RW           28    .bss.pinB14         thleds.o
    0x200089d4        -       0x00000020   Zero   RW           27    .bss.pinB7          thleds.o
    0x200089f4        -       0x00000020   Zero   RW           58    .bss.pinE12         thjoy.o
    0x20008a14        -       0x00000020   Zero   RW           57    .bss.pinE14         thjoy.o
    0x20008a34        -       0x00000020   Zero   RW           59    .bss.pinE15         thjoy.o
    0x20008a54        -       0x00000004   Zero   RW           96    .bss.qsize          lector.o
    0x20008a58        -       0x00000004   Zero   RW           29    .bss.status         thleds.o
    0x20008a5c        -       0x00000004   Zero   RW           99    .bss.status_c       lector.o
    0x20008a60        -       0x00000004   Zero   RW           98    .bss.tid_Lector     lector.o
    0x20008a64        -       0x00000004   Zero   RW           54    .bss.tid_ThJoy      thjoy.o
    0x20008a68        -       0x00000004   Zero   RW           25    .bss.tid_Thleds     thleds.o
    0x20008a6c        -       0x00000001   Zero   RW           97    .bss.val            lector.o
    0x20008a6d        -       0x00000020   Zero   RW          100    .bss.valor          lector.o
    0x20008a8d   0x08004920   0x00000003   PAD
    0x20008a90        -       0x00000200   Zero   RW          928    HEAP                startup_stm32f429xx.o
    0x20008c90        -       0x00000400   Zero   RW          927    STACK               startup_stm32f429xx.o


==============================================================================

Image component sizes


      Code (inc. data)   RO Data    RW Data    ZI Data      Debug   Object Name

       816          0       2400          4        514       5500   lcd.o
       168         16          0          0         45       1182   lector.o
       272          0          0          0          4       3334   main.o
         4          0          0          0          0        647   rtx_config.o
       128          0        268          0      34125       7291   rtx_lib.o
      2174         26         44          0         43      16373   spi_stm32f4xx.o
        64         26        428          0       1536        852   startup_stm32f429xx.o
       182          0          0          5          0       7969   stm32f4xx_hal.o
       306          0          0          0          0      11109   stm32f4xx_hal_cortex.o
       718          0          0          0          0       5387   stm32f4xx_hal_gpio.o
      1324          0          0          0          0       7551   stm32f4xx_hal_rcc.o
        76          0          0          0          0       1156   stm32f4xx_it.o
       152          0         24          4          0       2752   system_stm32f4xx.o
       654          0          0        100        173       5670   thjoy.o
       334          0          0         60        104       2793   thleds.o

    ----------------------------------------------------------------------
      7460         68       3196        176      36564      79566   Object Totals
         0          0         32          0          0          0   (incl. Generated)
        88          0          0          3         20          0   (incl. Padding)

    ----------------------------------------------------------------------

      Code (inc. data)   RO Data    RW Data    ZI Data      Debug   Library Member Name

       200         12          0          0          0        634   irq_armv7m.o
       114         20          0          0          1       3200   os_systick.o
       596         48         11        164          0      16501   rtx_kernel.o
       228          0          0          0          0       2537   rtx_memory.o
       188          0          0          0          0      16008   rtx_mempool.o
      1410         32          0          0          0      18657   rtx_msgqueue.o
       882         28          0          0          0       9962   rtx_mutex.o
       368         18          0          0          0       5296   rtx_system.o
      1950         64          0          0          0      31847   rtx_thread.o
       540         24          0          0          0      10397   rtx_timer.o
        58          0          0          0          0          0   __dczerorl.o
         8          0          0          0          0         68   __main.o
       104          0          0          0          0         84   __printf.o
         0          0          0          0          0          0   __rtentry.o
        20          0          0          0          0          0   __rtentry2.o
         6          0          0          0          0          0   __rtentry4.o
        52          8          0          0          0          0   __scatter.o
        28          0          0          0          0          0   __scatter_zi.o
        48          6          0          0          0         96   _printf_char_common.o
         6          0          0          0          0          0   _printf_d.o
       120         16          0          0          0         92   _printf_dec.o
       178          0          0          0          0         88   _printf_intcommon.o
         0          0          0          0          0          0   _printf_percent.o
         4          0          0          0          0          0   _printf_percent_end.o
        10          0          0          0          0         68   _sputc.o
        18          0          0          0          0         80   exit.o
         6          0          0          0          0        152   heapauxi.o
         0          0          0          0          0          0   indicate_semi.o
         2          0          0          0          0          0   libinit.o
         6          0          0          0          0          0   libinit2.o
         2          0          0          0          0          0   libshutdown.o
         2          0          0          0          0          0   libshutdown2.o
         8          4          0          0         96         68   libspace.o
       240          0          0          0          0        100   lludivv7m.o
        40          6          0          0          0         84   noretval__2sprintf.o
        68          0          0          0          0         68   rt_memclr.o
        78          0          0          0          0         80   rt_memclr_w.o
       138          0          0          0          0         68   rt_memcpy_v6.o
       100          0          0          0          0         80   rt_memcpy_w.o
         2          0          0          0          0          0   rtexit.o
        10          0          0          0          0          0   rtexit2.o
        12          4          0          0          0         68   sys_exit.o
        74          0          0          0          0         80   sys_stackheap_outer.o
         2          0          0          0          0         68   use_no_semi.o
        26          0          0          0          0        116   fpinit.o

    ----------------------------------------------------------------------
      7972        290         12        164        100     116647   Library Totals
        20          0          1          0          3          0   (incl. Padding)

    ----------------------------------------------------------------------

      Code (inc. data)   RO Data    RW Data    ZI Data      Debug   Library Name

      6476        246         11        164          1     115039   RTX_CM4F.lib
      1450         44          0          0         96       1492   c_w.l
        26          0          0          0          0        116   fz_wm.l

    ----------------------------------------------------------------------
      7972        290         12        164        100     116647   Library Totals

    ----------------------------------------------------------------------

==============================================================================


      Code (inc. data)   RO Data    RW Data    ZI Data      Debug   

     15432        358       3208        340      36664     195133   Grand Totals
     15432        358       3208         80      36664     195133   ELF Image Totals (compressed)
     15432        358       3208         80          0          0   ROM Totals

==============================================================================

    Total RO  Size (Code + RO Data)                18640 (  18.20kB)
    Total RW  Size (RW Data + ZI Data)             37004 (  36.14kB)
    Total ROM Size (Code + RO Data + RW Data)      18720 (  18.28kB)

==============================================================================

